2026-09-06 23:47:32 +0800: Memory Usage (571316K) : Starting running GF180MCU Klayout DRC runset on /workspace/iris_c3a247b9-0025-43e1-bae8-42a940fa0b63/Chip-Orchestra-review-latest/output/nanocgra_lite_3x3_opt/gds/nanocgra_lite_3x3_opt.gds
2026-09-06 23:47:32 +0800: Memory Usage (571316K) : Ruby Version for klayout: 3.1.2
2026-09-06 23:47:32 +0800: Memory Usage (594100K) : Loading database to memory is complete.
2026-09-06 23:47:32 +0800: Memory Usage (594100K) : GF180MCU Klayout DRC runset output at: /workspace/iris_c3a247b9-0025-43e1-bae8-42a940fa0b63/Chip-Orchestra-review-latest/output/nanocgra_lite_3x3_opt/reports/signoff/drc_full_flat.lyrdb
2026-09-06 23:47:32 +0800: Memory Usage (594100K) : Evaluate switches.
2026-09-06 23:47:32 +0800: Memory Usage (594100K) : table_name selected  main
2026-09-06 23:47:32 +0800: Memory Usage (594100K) : CONNECTIVITY_RULES enabled: true
2026-09-06 23:47:32 +0800: Memory Usage (594116K) : Wedge enabled: false
2026-09-06 23:47:32 +0800: Memory Usage (594116K) : Ball enabled: false
2026-09-06 23:47:32 +0800: Memory Usage (594116K) : Gold enabled: false
2026-09-06 23:47:32 +0800: Memory Usage (594116K) : MIM Option selected: B
2026-09-06 23:47:32 +0800: Memory Usage (594116K) : Offgrid enabled:  true
2026-09-06 23:47:32 +0800: Memory Usage (594116K) : Number of threads to use 
2026-09-06 23:47:32 +0800: Memory Usage (594116K) : Verbose mode: 
2026-09-06 23:47:32 +0800: Memory Usage (594116K) : flat  mode is enabled for main table
2026-09-06 23:47:32 +0800: Memory Usage (594116K) : METAL_TOP Selected is 9K
2026-09-06 23:47:32 +0800: Memory Usage (594116K) : METAL_STACK Selected is 5LM
2026-09-06 23:47:32 +0800: Memory Usage (594116K) : FEOL enabled: true
2026-09-06 23:47:32 +0800: Memory Usage (594116K) : BEOL enabled: true
2026-09-06 23:47:32 +0800: Memory Usage (594116K) : SLOW_VIA enabled: false
2026-09-06 23:47:32 +0800: Memory Usage (594116K) : Read in polygons from layers.
2026-09-06 23:47:32 +0800: Memory Usage (598316K) : comp has 17796 polygons
2026-09-06 23:47:32 +0800: Memory Usage (598316K) : dnwell has 0 polygons
2026-09-06 23:47:32 +0800: Memory Usage (603232K) : nwell has 67 polygons
2026-09-06 23:47:32 +0800: Memory Usage (603232K) : lvpwell has 68 polygons
2026-09-06 23:47:32 +0800: Memory Usage (598440K) : dualgate has 1 polygons
2026-09-06 23:47:33 +0800: Memory Usage (599720K) : poly2 has 24903 polygons
2026-09-06 23:47:33 +0800: Memory Usage (613980K) : nplus has 68 polygons
2026-09-06 23:47:33 +0800: Memory Usage (613980K) : pplus has 2103 polygons
2026-09-06 23:47:33 +0800: Memory Usage (613980K) : sab has 0 polygons
2026-09-06 23:47:33 +0800: Memory Usage (613980K) : esd has 0 polygons
2026-09-06 23:47:33 +0800: Memory Usage (613980K) : resistor has 0 polygons
2026-09-06 23:47:33 +0800: Memory Usage (613980K) : fhres has 0 polygons
2026-09-06 23:47:33 +0800: Memory Usage (613980K) : fusetop has 0 polygons
2026-09-06 23:47:33 +0800: Memory Usage (613980K) : fusewindow_d has 0 polygons
2026-09-06 23:47:33 +0800: Memory Usage (613980K) : polyfuse has 0 polygons
2026-09-06 23:47:33 +0800: Memory Usage (613980K) : mvsd has 0 polygons
2026-09-06 23:47:33 +0800: Memory Usage (613980K) : mvpsd has 0 polygons
2026-09-06 23:47:33 +0800: Memory Usage (613980K) : nat has 0 polygons
2026-09-06 23:47:33 +0800: Memory Usage (613980K) : comp_dummy has 0 polygons
2026-09-06 23:47:33 +0800: Memory Usage (613980K) : poly2_dummy has 0 polygons
2026-09-06 23:47:33 +0800: Memory Usage (613980K) : schottky_diode has 0 polygons
2026-09-06 23:47:33 +0800: Memory Usage (613980K) : zener has 0 polygons
2026-09-06 23:47:33 +0800: Memory Usage (613980K) : res_mk has 0 polygons
2026-09-06 23:47:33 +0800: Memory Usage (613980K) : opc_drc has 0 polygons
2026-09-06 23:47:33 +0800: Memory Usage (613980K) : v5_xtor has 1 polygons
2026-09-06 23:47:33 +0800: Memory Usage (613980K) : cap_mk has 0 polygons
2026-09-06 23:47:33 +0800: Memory Usage (613980K) : mos_cap_mk has 0 polygons
2026-09-06 23:47:33 +0800: Memory Usage (613980K) : ind_mk has 0 polygons
2026-09-06 23:47:33 +0800: Memory Usage (613980K) : diode_mk has 0 polygons
2026-09-06 23:47:33 +0800: Memory Usage (613980K) : drc_bjt has 0 polygons
2026-09-06 23:47:33 +0800: Memory Usage (613980K) : lvs_bjt has 0 polygons
2026-09-06 23:47:33 +0800: Memory Usage (613980K) : mim_l_mk has 0 polygons
2026-09-06 23:47:33 +0800: Memory Usage (613980K) : latchup_mk has 0 polygons
2026-09-06 23:47:33 +0800: Memory Usage (613980K) : guard_ring_mk has 0 polygons
2026-09-06 23:47:33 +0800: Memory Usage (613980K) : otp_mk has 0 polygons
2026-09-06 23:47:33 +0800: Memory Usage (613980K) : mtpmark has 0 polygons
2026-09-06 23:47:33 +0800: Memory Usage (613980K) : neo_ee_mk has 0 polygons
2026-09-06 23:47:33 +0800: Memory Usage (613980K) : sramcore has 0 polygons
2026-09-06 23:47:33 +0800: Memory Usage (613980K) : lvs_rf has 0 polygons
2026-09-06 23:47:33 +0800: Memory Usage (613980K) : lvs_drain has 0 polygons
2026-09-06 23:47:33 +0800: Memory Usage (613980K) : ind_mk has 0 polygons
2026-09-06 23:47:34 +0800: Memory Usage (613980K) : hvpolyrs has 0 polygons
2026-09-06 23:47:34 +0800: Memory Usage (613980K) : lvs_io has 0 polygons
2026-09-06 23:47:34 +0800: Memory Usage (613980K) : probe_mk has 0 polygons
2026-09-06 23:47:34 +0800: Memory Usage (613980K) : esd_mk has 0 polygons
2026-09-06 23:47:34 +0800: Memory Usage (613980K) : lvs_source has 0 polygons
2026-09-06 23:47:34 +0800: Memory Usage (613980K) : well_diode_mk has 0 polygons
2026-09-06 23:47:34 +0800: Memory Usage (613980K) : ldmos_xtor has 0 polygons
2026-09-06 23:47:34 +0800: Memory Usage (613980K) : plfuse has 0 polygons
2026-09-06 23:47:34 +0800: Memory Usage (613980K) : efuse_mk has 0 polygons
2026-09-06 23:47:34 +0800: Memory Usage (613980K) : mcell_feol_mk has 0 polygons
2026-09-06 23:47:34 +0800: Memory Usage (613980K) : ymtp_mk has 0 polygons
2026-09-06 23:47:34 +0800: Memory Usage (613980K) : dev_wf_mk has 0 polygons
2026-09-06 23:47:34 +0800: Memory Usage (613980K) : comp_label has 0 polygons
2026-09-06 23:47:34 +0800: Memory Usage (613980K) : poly2_label has 0 polygons
2026-09-06 23:47:34 +0800: Memory Usage (613980K) : mdiode has 0 polygons
2026-09-06 23:47:34 +0800: Memory Usage (613980K) : ndmy has 0 polygons
2026-09-06 23:47:34 +0800: Memory Usage (613980K) : pmndmy has 0 polygons
2026-09-06 23:47:34 +0800: Memory Usage (615432K) : contact has 106762 polygons
2026-09-06 23:47:35 +0800: Memory Usage (626272K) : metal1_drawn has 27195 polygons
2026-09-06 23:47:35 +0800: Memory Usage (626272K) : metal1_dummy has 0 polygons
2026-09-06 23:47:35 +0800: Memory Usage (626272K) : metal1_label has 0 polygons
2026-09-06 23:47:35 +0800: Memory Usage (626272K) : metal1_slot has 0 polygons
2026-09-06 23:47:35 +0800: Memory Usage (626272K) : metal1_blk has 0 polygons
2026-09-06 23:47:35 +0800: Memory Usage (626272K) : via1 has 24405 polygons
2026-09-06 23:47:35 +0800: Memory Usage (661648K) : metal2_drawn has 17472 polygons
2026-09-06 23:47:35 +0800: Memory Usage (661648K) : metal2_dummy has 0 polygons
2026-09-06 23:47:35 +0800: Memory Usage (661648K) : metal2_label has 31 polygons
2026-09-06 23:47:35 +0800: Memory Usage (661648K) : metal2_slot has 0 polygons
2026-09-06 23:47:35 +0800: Memory Usage (661648K) : metal2_blk has 0 polygons
2026-09-06 23:47:35 +0800: Memory Usage (661648K) : via2 has 21773 polygons
2026-09-06 23:47:35 +0800: Memory Usage (661648K) : metal3_drawn has 9865 polygons
2026-09-06 23:47:35 +0800: Memory Usage (661648K) : metal3_dummy has 0 polygons
2026-09-06 23:47:35 +0800: Memory Usage (661648K) : metal3_label has 0 polygons
2026-09-06 23:47:35 +0800: Memory Usage (661648K) : metal3_slot has 0 polygons
2026-09-06 23:47:35 +0800: Memory Usage (661648K) : metal3_blk has 0 polygons
2026-09-06 23:47:36 +0800: Memory Usage (661648K) : via3 has 8327 polygons
2026-09-06 23:47:36 +0800: Memory Usage (661648K) : metal4_drawn has 1462 polygons
2026-09-06 23:47:36 +0800: Memory Usage (661648K) : metal4_dummy has 0 polygons
2026-09-06 23:47:36 +0800: Memory Usage (661648K) : metal4_label has 0 polygons
2026-09-06 23:47:36 +0800: Memory Usage (661648K) : metal4_slot has 0 polygons
2026-09-06 23:47:36 +0800: Memory Usage (661648K) : metal4_blk has 0 polygons
2026-09-06 23:47:36 +0800: Memory Usage (661648K) : via4 has 4606 polygons
2026-09-06 23:47:36 +0800: Memory Usage (661648K) : metal5_drawn has 254 polygons
2026-09-06 23:47:36 +0800: Memory Usage (661648K) : metal5_dummy has 0 polygons
2026-09-06 23:47:36 +0800: Memory Usage (661648K) : metal5_label has 0 polygons
2026-09-06 23:47:36 +0800: Memory Usage (661648K) : metal5_slot has 0 polygons
2026-09-06 23:47:36 +0800: Memory Usage (661648K) : metal5_blk has 0 polygons
2026-09-06 23:47:36 +0800: Memory Usage (661648K) : pad has 0 polygons
2026-09-06 23:47:36 +0800: Memory Usage (661648K) : ubmpperi has 0 polygons
2026-09-06 23:47:36 +0800: Memory Usage (661648K) : ubmparray has 0 polygons
2026-09-06 23:47:36 +0800: Memory Usage (661648K) : ubmeplate has 0 polygons
2026-09-06 23:47:36 +0800: Memory Usage (661648K) : metal1_res has 0 polygons
2026-09-06 23:47:36 +0800: Memory Usage (661648K) : metal2_res has 0 polygons
2026-09-06 23:47:36 +0800: Memory Usage (661648K) : metal3_res has 0 polygons
2026-09-06 23:47:36 +0800: Memory Usage (661648K) : metal4_res has 0 polygons
2026-09-06 23:47:36 +0800: Memory Usage (661648K) : metal5_res has 0 polygons
2026-09-06 23:47:36 +0800: Memory Usage (661648K) : metal6_res has 0 polygons
2026-09-06 23:47:36 +0800: Memory Usage (661648K) : pr_bndry has 1 polygons
2026-09-06 23:47:36 +0800: Memory Usage (661648K) : border has 0 polygons
2026-09-06 23:47:36 +0800: Memory Usage (661648K) : Total no. of polygons in the design is 267160
2026-09-06 23:47:36 +0800: Memory Usage (661648K) : Starting deriving base layers.
2026-09-06 23:47:37 +0800: Memory Usage (688476K) : Construct connectivity for the design.
2026-09-06 23:47:38 +0800: Memory Usage (688904K) : Connectivity rules enabled, Netlist object will be generated.
2026-09-06 23:47:40 +0800: Memory Usage (746568K) : Total area of the design is 302500.0 um^2.
2026-09-06 23:47:40 +0800: Memory Usage (746568K) : Starting GF180MCU DRC rules.
2026-09-06 23:47:40 +0800: Memory Usage (746568K) : Running all FEOL rules
2026-09-06 23:47:40 +0800: Memory Usage (746568K) : Running all BEOL rules
