2026-09-06 23:47:41 +0800: Memory Usage (571316K) : Starting running GF180MCU Klayout DRC runset on /workspace/iris_c3a247b9-0025-43e1-bae8-42a940fa0b63/Chip-Orchestra-review-latest/output/nanocgra_lite_3x3_opt/gds/nanocgra_lite_3x3_opt.gds
2026-09-06 23:47:41 +0800: Memory Usage (571316K) : Ruby Version for klayout: 3.1.2
2026-09-06 23:47:41 +0800: Memory Usage (594100K) : Loading database to memory is complete.
2026-09-06 23:47:41 +0800: Memory Usage (594100K) : GF180MCU Klayout DRC runset output at: /workspace/iris_c3a247b9-0025-43e1-bae8-42a940fa0b63/Chip-Orchestra-review-latest/output/nanocgra_lite_3x3_opt/reports/signoff/drc_full_deep.lyrdb
2026-09-06 23:47:41 +0800: Memory Usage (594100K) : Evaluate switches.
2026-09-06 23:47:41 +0800: Memory Usage (594100K) : table_name selected  main
2026-09-06 23:47:41 +0800: Memory Usage (594116K) : CONNECTIVITY_RULES enabled: true
2026-09-06 23:47:41 +0800: Memory Usage (594116K) : Wedge enabled: false
2026-09-06 23:47:41 +0800: Memory Usage (594116K) : Ball enabled: false
2026-09-06 23:47:41 +0800: Memory Usage (594116K) : Gold enabled: false
2026-09-06 23:47:41 +0800: Memory Usage (594116K) : MIM Option selected: B
2026-09-06 23:47:41 +0800: Memory Usage (594116K) : Offgrid enabled:  true
2026-09-06 23:47:41 +0800: Memory Usage (594116K) : Number of threads to use 
2026-09-06 23:47:41 +0800: Memory Usage (594116K) : Verbose mode: 
2026-09-06 23:47:41 +0800: Memory Usage (594116K) : deep  mode is enabled for main table
2026-09-06 23:47:41 +0800: Memory Usage (594116K) : METAL_TOP Selected is 9K
2026-09-06 23:47:41 +0800: Memory Usage (594116K) : METAL_STACK Selected is 5LM
2026-09-06 23:47:41 +0800: Memory Usage (594116K) : FEOL enabled: true
2026-09-06 23:47:41 +0800: Memory Usage (594116K) : BEOL enabled: true
2026-09-06 23:47:41 +0800: Memory Usage (594116K) : SLOW_VIA enabled: false
2026-09-06 23:47:41 +0800: Memory Usage (594132K) : Read in polygons from layers.
2026-09-06 23:47:41 +0800: Memory Usage (594808K) : comp has 17799 polygons
2026-09-06 23:47:41 +0800: Memory Usage (594808K) : dnwell has 0 polygons
2026-09-06 23:47:41 +0800: Memory Usage (595056K) : nwell has 15911 polygons
2026-09-06 23:47:41 +0800: Memory Usage (595072K) : lvpwell has 15911 polygons
2026-09-06 23:47:41 +0800: Memory Usage (595072K) : dualgate has 15911 polygons
2026-09-06 23:47:41 +0800: Memory Usage (595204K) : poly2 has 28443 polygons
2026-09-06 23:47:41 +0800: Memory Usage (595204K) : nplus has 15911 polygons
2026-09-06 23:47:42 +0800: Memory Usage (595220K) : pplus has 17947 polygons
2026-09-06 23:47:42 +0800: Memory Usage (595220K) : sab has 0 polygons
2026-09-06 23:47:42 +0800: Memory Usage (595220K) : esd has 0 polygons
2026-09-06 23:47:42 +0800: Memory Usage (595220K) : resistor has 0 polygons
2026-09-06 23:47:42 +0800: Memory Usage (595220K) : fhres has 0 polygons
2026-09-06 23:47:42 +0800: Memory Usage (595220K) : fusetop has 0 polygons
2026-09-06 23:47:42 +0800: Memory Usage (595220K) : fusewindow_d has 0 polygons
2026-09-06 23:47:42 +0800: Memory Usage (595220K) : polyfuse has 0 polygons
2026-09-06 23:47:42 +0800: Memory Usage (595220K) : mvsd has 0 polygons
2026-09-06 23:47:42 +0800: Memory Usage (595220K) : mvpsd has 0 polygons
2026-09-06 23:47:42 +0800: Memory Usage (595220K) : nat has 0 polygons
2026-09-06 23:47:42 +0800: Memory Usage (595220K) : comp_dummy has 0 polygons
2026-09-06 23:47:42 +0800: Memory Usage (595220K) : poly2_dummy has 0 polygons
2026-09-06 23:47:42 +0800: Memory Usage (595220K) : schottky_diode has 0 polygons
2026-09-06 23:47:42 +0800: Memory Usage (595220K) : zener has 0 polygons
2026-09-06 23:47:42 +0800: Memory Usage (595220K) : res_mk has 0 polygons
2026-09-06 23:47:42 +0800: Memory Usage (595220K) : opc_drc has 0 polygons
2026-09-06 23:47:42 +0800: Memory Usage (595220K) : v5_xtor has 15911 polygons
2026-09-06 23:47:42 +0800: Memory Usage (595220K) : cap_mk has 0 polygons
2026-09-06 23:47:42 +0800: Memory Usage (595220K) : mos_cap_mk has 0 polygons
2026-09-06 23:47:42 +0800: Memory Usage (595220K) : ind_mk has 0 polygons
2026-09-06 23:47:42 +0800: Memory Usage (595220K) : diode_mk has 0 polygons
2026-09-06 23:47:42 +0800: Memory Usage (595220K) : drc_bjt has 0 polygons
2026-09-06 23:47:42 +0800: Memory Usage (595220K) : lvs_bjt has 0 polygons
2026-09-06 23:47:42 +0800: Memory Usage (595220K) : mim_l_mk has 0 polygons
2026-09-06 23:47:42 +0800: Memory Usage (595220K) : latchup_mk has 0 polygons
2026-09-06 23:47:42 +0800: Memory Usage (595220K) : guard_ring_mk has 0 polygons
2026-09-06 23:47:42 +0800: Memory Usage (595220K) : otp_mk has 0 polygons
2026-09-06 23:47:42 +0800: Memory Usage (595220K) : mtpmark has 0 polygons
2026-09-06 23:47:42 +0800: Memory Usage (595220K) : neo_ee_mk has 0 polygons
2026-09-06 23:47:42 +0800: Memory Usage (595220K) : sramcore has 0 polygons
2026-09-06 23:47:42 +0800: Memory Usage (595220K) : lvs_rf has 0 polygons
2026-09-06 23:47:42 +0800: Memory Usage (595220K) : lvs_drain has 0 polygons
2026-09-06 23:47:42 +0800: Memory Usage (595220K) : ind_mk has 0 polygons
2026-09-06 23:47:42 +0800: Memory Usage (595220K) : hvpolyrs has 0 polygons
2026-09-06 23:47:42 +0800: Memory Usage (595220K) : lvs_io has 0 polygons
2026-09-06 23:47:42 +0800: Memory Usage (595220K) : probe_mk has 0 polygons
2026-09-06 23:47:42 +0800: Memory Usage (595220K) : esd_mk has 0 polygons
2026-09-06 23:47:42 +0800: Memory Usage (595220K) : lvs_source has 0 polygons
2026-09-06 23:47:42 +0800: Memory Usage (595220K) : well_diode_mk has 0 polygons
2026-09-06 23:47:42 +0800: Memory Usage (595220K) : ldmos_xtor has 0 polygons
2026-09-06 23:47:42 +0800: Memory Usage (595220K) : plfuse has 0 polygons
2026-09-06 23:47:42 +0800: Memory Usage (595220K) : efuse_mk has 0 polygons
2026-09-06 23:47:42 +0800: Memory Usage (595220K) : mcell_feol_mk has 0 polygons
2026-09-06 23:47:42 +0800: Memory Usage (595220K) : ymtp_mk has 0 polygons
2026-09-06 23:47:42 +0800: Memory Usage (595220K) : dev_wf_mk has 0 polygons
2026-09-06 23:47:43 +0800: Memory Usage (595220K) : comp_label has 0 polygons
2026-09-06 23:47:43 +0800: Memory Usage (595220K) : poly2_label has 0 polygons
2026-09-06 23:47:43 +0800: Memory Usage (595220K) : mdiode has 0 polygons
2026-09-06 23:47:43 +0800: Memory Usage (595220K) : ndmy has 0 polygons
2026-09-06 23:47:43 +0800: Memory Usage (595220K) : pmndmy has 0 polygons
2026-09-06 23:47:43 +0800: Memory Usage (595220K) : contact has 106762 polygons
2026-09-06 23:47:43 +0800: Memory Usage (595868K) : metal1_drawn has 104822 polygons
2026-09-06 23:47:43 +0800: Memory Usage (595868K) : metal1_dummy has 0 polygons
2026-09-06 23:47:43 +0800: Memory Usage (596528K) : metal1_label has 0 polygons
2026-09-06 23:47:43 +0800: Memory Usage (596528K) : metal1_slot has 0 polygons
2026-09-06 23:47:43 +0800: Memory Usage (596528K) : metal1_blk has 0 polygons
2026-09-06 23:47:43 +0800: Memory Usage (597040K) : via1 has 24405 polygons
2026-09-06 23:47:43 +0800: Memory Usage (599604K) : metal2_drawn has 68362 polygons
2026-09-06 23:47:43 +0800: Memory Usage (599604K) : metal2_dummy has 0 polygons
2026-09-06 23:47:43 +0800: Memory Usage (600676K) : metal2_label has 31 polygons
2026-09-06 23:47:43 +0800: Memory Usage (600676K) : metal2_slot has 0 polygons
2026-09-06 23:47:43 +0800: Memory Usage (600676K) : metal2_blk has 0 polygons
2026-09-06 23:47:43 +0800: Memory Usage (600676K) : via2 has 21773 polygons
2026-09-06 23:47:43 +0800: Memory Usage (602212K) : metal3_drawn has 35411 polygons
2026-09-06 23:47:43 +0800: Memory Usage (602212K) : metal3_dummy has 0 polygons
2026-09-06 23:47:43 +0800: Memory Usage (603316K) : metal3_label has 0 polygons
2026-09-06 23:47:43 +0800: Memory Usage (603316K) : metal3_slot has 0 polygons
2026-09-06 23:47:43 +0800: Memory Usage (603316K) : metal3_blk has 0 polygons
2026-09-06 23:47:43 +0800: Memory Usage (603316K) : via3 has 8327 polygons
2026-09-06 23:47:43 +0800: Memory Usage (603316K) : metal4_drawn has 8113 polygons
2026-09-06 23:47:43 +0800: Memory Usage (603316K) : metal4_dummy has 0 polygons
2026-09-06 23:47:43 +0800: Memory Usage (603316K) : metal4_label has 0 polygons
2026-09-06 23:47:43 +0800: Memory Usage (603316K) : metal4_slot has 0 polygons
2026-09-06 23:47:43 +0800: Memory Usage (603316K) : metal4_blk has 0 polygons
2026-09-06 23:47:43 +0800: Memory Usage (603316K) : via4 has 4615 polygons
2026-09-06 23:47:43 +0800: Memory Usage (603316K) : metal5_drawn has 1293 polygons
2026-09-06 23:47:43 +0800: Memory Usage (603316K) : metal5_dummy has 0 polygons
2026-09-06 23:47:43 +0800: Memory Usage (603316K) : metal5_label has 0 polygons
2026-09-06 23:47:43 +0800: Memory Usage (603316K) : metal5_slot has 0 polygons
2026-09-06 23:47:43 +0800: Memory Usage (603316K) : metal5_blk has 0 polygons
2026-09-06 23:47:43 +0800: Memory Usage (603316K) : pad has 0 polygons
2026-09-06 23:47:43 +0800: Memory Usage (603316K) : ubmpperi has 0 polygons
2026-09-06 23:47:43 +0800: Memory Usage (603316K) : ubmparray has 0 polygons
2026-09-06 23:47:43 +0800: Memory Usage (603316K) : ubmeplate has 0 polygons
2026-09-06 23:47:43 +0800: Memory Usage (603316K) : metal1_res has 0 polygons
2026-09-06 23:47:43 +0800: Memory Usage (603316K) : metal2_res has 0 polygons
2026-09-06 23:47:43 +0800: Memory Usage (603316K) : metal3_res has 0 polygons
2026-09-06 23:47:43 +0800: Memory Usage (603316K) : metal4_res has 0 polygons
2026-09-06 23:47:43 +0800: Memory Usage (603316K) : metal5_res has 0 polygons
2026-09-06 23:47:43 +0800: Memory Usage (603316K) : metal6_res has 0 polygons
2026-09-06 23:47:43 +0800: Memory Usage (603316K) : pr_bndry has 15912 polygons
2026-09-06 23:47:43 +0800: Memory Usage (603316K) : border has 0 polygons
2026-09-06 23:47:44 +0800: Memory Usage (603316K) : Total no. of polygons in the design is 543570
2026-09-06 23:47:44 +0800: Memory Usage (603316K) : Starting deriving base layers.
2026-09-06 23:47:49 +0800: Memory Usage (2668472K) : Construct connectivity for the design.
2026-09-06 23:47:49 +0800: Memory Usage (2668472K) : Connectivity rules enabled, Netlist object will be generated.
2026-09-06 23:47:51 +0800: Memory Usage (2714972K) : Total area of the design is 302500.0 um^2.
2026-09-06 23:47:51 +0800: Memory Usage (2714972K) : Starting GF180MCU DRC rules.
2026-09-06 23:47:51 +0800: Memory Usage (2714972K) : Running all FEOL rules
2026-09-06 23:47:52 +0800: Memory Usage (2714972K) : Running all BEOL rules
