$ sta -exit sta.tcl
OpenSTA 2.7.0 857316ff00 Copyright (c) 2025, Parallax Software, Inc.
License GPLv3: GNU GPL version 3 <http://gnu.org/licenses/gpl.html>
This is free software, and you are free to change and redistribute it
under certain conditions; type `show_copying' for details.
This program comes with ABSOLUTELY NO WARRANTY; for details type `show_warranty'.
Failed to load tclreadline.tcl
Warning: /tmp/chip-orchestra/workspaces/dbe7af46-366c-421b-8cf3-daafc5a7ae6a/exports/harden/chip/runs/RUN_2026-08-16_06-21-45/final/nl/nano_cgra_3x3_sobel_accelerator_v4.nl.v line 2145, module gf180mcu_fd_sc_mcu7t5v0__fillcap_32 not found. Creating black box for FILLER_0_104.
Warning: /tmp/chip-orchestra/workspaces/dbe7af46-366c-421b-8cf3-daafc5a7ae6a/exports/harden/chip/runs/RUN_2026-08-16_06-21-45/final/nl/nano_cgra_3x3_sobel_accelerator_v4.nl.v line 2149, module gf180mcu_fd_sc_mcu7t5v0__fill_1 not found. Creating black box for FILLER_0_206.
Warning: /tmp/chip-orchestra/workspaces/dbe7af46-366c-421b-8cf3-daafc5a7ae6a/exports/harden/chip/runs/RUN_2026-08-16_06-21-45/final/nl/nano_cgra_3x3_sobel_accelerator_v4.nl.v line 2150, module gf180mcu_fd_sc_mcu7t5v0__fillcap_16 not found. Creating black box for FILLER_0_222.
Warning: /tmp/chip-orchestra/workspaces/dbe7af46-366c-421b-8cf3-daafc5a7ae6a/exports/harden/chip/runs/RUN_2026-08-16_06-21-45/final/nl/nano_cgra_3x3_sobel_accelerator_v4.nl.v line 2159, module gf180mcu_fd_sc_mcu7t5v0__fillcap_4 not found. Creating black box for FILLER_0_478.
Warning: /tmp/chip-orchestra/workspaces/dbe7af46-366c-421b-8cf3-daafc5a7ae6a/exports/harden/chip/runs/RUN_2026-08-16_06-21-45/final/nl/nano_cgra_3x3_sobel_accelerator_v4.nl.v line 2160, module gf180mcu_fd_sc_mcu7t5v0__fillcap_8 not found. Creating black box for FILLER_0_497.
Warning: /tmp/chip-orchestra/workspaces/dbe7af46-366c-421b-8cf3-daafc5a7ae6a/exports/harden/chip/runs/RUN_2026-08-16_06-21-45/final/nl/nano_cgra_3x3_sobel_accelerator_v4.nl.v line 2175, module gf180mcu_fd_sc_mcu7t5v0__fill_2 not found. Creating black box for FILLER_0_842.
Warning: /tmp/chip-orchestra/workspaces/dbe7af46-366c-421b-8cf3-daafc5a7ae6a/exports/harden/chip/runs/RUN_2026-08-16_06-21-45/final/nl/nano_cgra_3x3_sobel_accelerator_v4.nl.v line 2222, module gf180mcu_fd_sc_mcu7t5v0__fillcap_64 not found. Creating black box for FILLER_100_737.
Warning: /tmp/chip-orchestra/workspaces/dbe7af46-366c-421b-8cf3-daafc5a7ae6a/exports/harden/chip/runs/RUN_2026-08-16_06-21-45/final/nl/nano_cgra_3x3_sobel_accelerator_v4.nl.v line 8821, module gf180mcu_fd_sc_mcu7t5v0__endcap not found. Creating black box for PHY_EDGE_ROW_0_Left_121.
Warning: /tmp/chip-orchestra/workspaces/dbe7af46-366c-421b-8cf3-daafc5a7ae6a/exports/harden/chip/runs/RUN_2026-08-16_06-21-45/final/nl/nano_cgra_3x3_sobel_accelerator_v4.nl.v line 9063, module gf180mcu_fd_sc_mcu7t5v0__filltie not found. Creating black box for TAP_TAPCELL_ROW_0_242.
Warning: /tmp/chip-orchestra/workspaces/dbe7af46-366c-421b-8cf3-daafc5a7ae6a/exports/harden/chip/runs/RUN_2026-08-16_06-21-45/final/nl/nano_cgra_3x3_sobel_accelerator_v4.nl.v line 10539, module gf180mcu_fd_sc_mcu7t5v0__clkinv_1 not found. Creating black box for _1283_.
Warning: /tmp/chip-orchestra/workspaces/dbe7af46-366c-421b-8cf3-daafc5a7ae6a/exports/harden/chip/runs/RUN_2026-08-16_06-21-45/final/nl/nano_cgra_3x3_sobel_accelerator_v4.nl.v line 10609, module gf180mcu_fd_sc_mcu7t5v0__nor2_1 not found. Creating black box for _1318_.
Warning: /tmp/chip-orchestra/workspaces/dbe7af46-366c-421b-8cf3-daafc5a7ae6a/exports/harden/chip/runs/RUN_2026-08-16_06-21-45/final/nl/nano_cgra_3x3_sobel_accelerator_v4.nl.v line 10612, module gf180mcu_fd_sc_mcu7t5v0__nand3_1 not found. Creating black box for _1319_.
Warning: /tmp/chip-orchestra/workspaces/dbe7af46-366c-421b-8cf3-daafc5a7ae6a/exports/harden/chip/runs/RUN_2026-08-16_06-21-45/final/nl/nano_cgra_3x3_sobel_accelerator_v4.nl.v line 10616, module gf180mcu_fd_sc_mcu7t5v0__nand2_1 not found. Creating black box for _1320_.
Warning: /tmp/chip-orchestra/workspaces/dbe7af46-366c-421b-8cf3-daafc5a7ae6a/exports/harden/chip/runs/RUN_2026-08-16_06-21-45/final/nl/nano_cgra_3x3_sobel_accelerator_v4.nl.v line 10623, module gf180mcu_fd_sc_mcu7t5v0__or2_1 not found. Creating black box for _1322_.
Warning: /tmp/chip-orchestra/workspaces/dbe7af46-366c-421b-8cf3-daafc5a7ae6a/exports/harden/chip/runs/RUN_2026-08-16_06-21-45/final/nl/nano_cgra_3x3_sobel_accelerator_v4.nl.v line 10632, module gf180mcu_fd_sc_mcu7t5v0__oai21_1 not found. Creating black box for _1325_.
Warning: /tmp/chip-orchestra/workspaces/dbe7af46-366c-421b-8cf3-daafc5a7ae6a/exports/harden/chip/runs/RUN_2026-08-16_06-21-45/final/nl/nano_cgra_3x3_sobel_accelerator_v4.nl.v line 10639, module gf180mcu_fd_sc_mcu7t5v0__oai211_1 not found. Creating black box for _1327_.
Warning: /tmp/chip-orchestra/workspaces/dbe7af46-366c-421b-8cf3-daafc5a7ae6a/exports/harden/chip/runs/RUN_2026-08-16_06-21-45/final/nl/nano_cgra_3x3_sobel_accelerator_v4.nl.v line 10665, module gf180mcu_fd_sc_mcu7t5v0__nand4_1 not found. Creating black box for _1335_.
Warning: /tmp/chip-orchestra/workspaces/dbe7af46-366c-421b-8cf3-daafc5a7ae6a/exports/harden/chip/runs/RUN_2026-08-16_06-21-45/final/nl/nano_cgra_3x3_sobel_accelerator_v4.nl.v line 10676, module gf180mcu_fd_sc_mcu7t5v0__aoi21_1 not found. Creating black box for _1338_.
Warning: /tmp/chip-orchestra/workspaces/dbe7af46-366c-421b-8cf3-daafc5a7ae6a/exports/harden/chip/runs/RUN_2026-08-16_06-21-45/final/nl/nano_cgra_3x3_sobel_accelerator_v4.nl.v line 10706, module gf180mcu_fd_sc_mcu7t5v0__and2_1 not found. Creating black box for _1346_.
Warning: /tmp/chip-orchestra/workspaces/dbe7af46-366c-421b-8cf3-daafc5a7ae6a/exports/harden/chip/runs/RUN_2026-08-16_06-21-45/final/nl/nano_cgra_3x3_sobel_accelerator_v4.nl.v line 10727, module gf180mcu_fd_sc_mcu7t5v0__nor4_1 not found. Creating black box for _1352_.
Warning: /tmp/chip-orchestra/workspaces/dbe7af46-366c-421b-8cf3-daafc5a7ae6a/exports/harden/chip/runs/RUN_2026-08-16_06-21-45/final/nl/nano_cgra_3x3_sobel_accelerator_v4.nl.v line 10763, module gf180mcu_fd_sc_mcu7t5v0__xor2_1 not found. Creating black box for _1362_.
Warning: /tmp/chip-orchestra/workspaces/dbe7af46-366c-421b-8cf3-daafc5a7ae6a/exports/harden/chip/runs/RUN_2026-08-16_06-21-45/final/nl/nano_cgra_3x3_sobel_accelerator_v4.nl.v line 10778, module gf180mcu_fd_sc_mcu7t5v0__nor3_1 not found. Creating black box for _1367_.
Warning: /tmp/chip-orchestra/workspaces/dbe7af46-366c-421b-8cf3-daafc5a7ae6a/exports/harden/chip/runs/RUN_2026-08-16_06-21-45/final/nl/nano_cgra_3x3_sobel_accelerator_v4.nl.v line 10799, module gf180mcu_fd_sc_mcu7t5v0__and3_1 not found. Creating black box for _1373_.
Warning: /tmp/chip-orchestra/workspaces/dbe7af46-366c-421b-8cf3-daafc5a7ae6a/exports/harden/chip/runs/RUN_2026-08-16_06-21-45/final/nl/nano_cgra_3x3_sobel_accelerator_v4.nl.v line 10837, module gf180mcu_fd_sc_mcu7t5v0__xnor2_1 not found. Creating black box for _1384_.
Warning: /tmp/chip-orchestra/workspaces/dbe7af46-366c-421b-8cf3-daafc5a7ae6a/exports/harden/chip/runs/RUN_2026-08-16_06-21-45/final/nl/nano_cgra_3x3_sobel_accelerator_v4.nl.v line 10878, module gf180mcu_fd_sc_mcu7t5v0__aoi211_1 not found. Creating black box for _1396_.
Warning: /tmp/chip-orchestra/workspaces/dbe7af46-366c-421b-8cf3-daafc5a7ae6a/exports/harden/chip/runs/RUN_2026-08-16_06-21-45/final/nl/nano_cgra_3x3_sobel_accelerator_v4.nl.v line 10912, module gf180mcu_fd_sc_mcu7t5v0__mux2_2 not found. Creating black box for _1405_.
Warning: /tmp/chip-orchestra/workspaces/dbe7af46-366c-421b-8cf3-daafc5a7ae6a/exports/harden/chip/runs/RUN_2026-08-16_06-21-45/final/nl/nano_cgra_3x3_sobel_accelerator_v4.nl.v line 11485, module gf180mcu_fd_sc_mcu7t5v0__oai31_1 not found. Creating black box for _1550_.
Warning: /tmp/chip-orchestra/workspaces/dbe7af46-366c-421b-8cf3-daafc5a7ae6a/exports/harden/chip/runs/RUN_2026-08-16_06-21-45/final/nl/nano_cgra_3x3_sobel_accelerator_v4.nl.v line 11507, module gf180mcu_fd_sc_mcu7t5v0__aoi22_1 not found. Creating black box for _1556_.
Warning: /tmp/chip-orchestra/workspaces/dbe7af46-366c-421b-8cf3-daafc5a7ae6a/exports/harden/chip/runs/RUN_2026-08-16_06-21-45/final/nl/nano_cgra_3x3_sobel_accelerator_v4.nl.v line 11654, module gf180mcu_fd_sc_mcu7t5v0__aoi221_1 not found. Creating black box for _1595_.
Warning: /tmp/chip-orchestra/workspaces/dbe7af46-366c-421b-8cf3-daafc5a7ae6a/exports/harden/chip/runs/RUN_2026-08-16_06-21-45/final/nl/nano_cgra_3x3_sobel_accelerator_v4.nl.v line 12012, module gf180mcu_fd_sc_mcu7t5v0__or4_1 not found. Creating black box for _1693_.
Warning: /tmp/chip-orchestra/workspaces/dbe7af46-366c-421b-8cf3-daafc5a7ae6a/exports/harden/chip/runs/RUN_2026-08-16_06-21-45/final/nl/nano_cgra_3x3_sobel_accelerator_v4.nl.v line 12046, module gf180mcu_fd_sc_mcu7t5v0__xnor3_1 not found. Creating black box for _1703_.
Warning: /tmp/chip-orchestra/workspaces/dbe7af46-366c-421b-8cf3-daafc5a7ae6a/exports/harden/chip/runs/RUN_2026-08-16_06-21-45/final/nl/nano_cgra_3x3_sobel_accelerator_v4.nl.v line 12096, module gf180mcu_fd_sc_mcu7t5v0__xor3_1 not found. Creating black box for _1718_.
Warning: /tmp/chip-orchestra/workspaces/dbe7af46-366c-421b-8cf3-daafc5a7ae6a/exports/harden/chip/runs/RUN_2026-08-16_06-21-45/final/nl/nano_cgra_3x3_sobel_accelerator_v4.nl.v line 12693, module gf180mcu_fd_sc_mcu7t5v0__or3_1 not found. Creating black box for _1898_.
Warning: /tmp/chip-orchestra/workspaces/dbe7af46-366c-421b-8cf3-daafc5a7ae6a/exports/harden/chip/runs/RUN_2026-08-16_06-21-45/final/nl/nano_cgra_3x3_sobel_accelerator_v4.nl.v line 13395, module gf180mcu_fd_sc_mcu7t5v0__and4_1 not found. Creating black box for _2112_.
Warning: /tmp/chip-orchestra/workspaces/dbe7af46-366c-421b-8cf3-daafc5a7ae6a/exports/harden/chip/runs/RUN_2026-08-16_06-21-45/final/nl/nano_cgra_3x3_sobel_accelerator_v4.nl.v line 13416, module gf180mcu_fd_sc_mcu7t5v0__oai22_1 not found. Creating black box for _2117_.
Warning: /tmp/chip-orchestra/workspaces/dbe7af46-366c-421b-8cf3-daafc5a7ae6a/exports/harden/chip/runs/RUN_2026-08-16_06-21-45/final/nl/nano_cgra_3x3_sobel_accelerator_v4.nl.v line 13471, module gf180mcu_fd_sc_mcu7t5v0__oai221_1 not found. Creating black box for _2131_.
Warning: /tmp/chip-orchestra/workspaces/dbe7af46-366c-421b-8cf3-daafc5a7ae6a/exports/harden/chip/runs/RUN_2026-08-16_06-21-45/final/nl/nano_cgra_3x3_sobel_accelerator_v4.nl.v line 15198, module gf180mcu_fd_sc_mcu7t5v0__dffrnq_1 not found. Creating black box for _2565_.
Warning: /tmp/chip-orchestra/workspaces/dbe7af46-366c-421b-8cf3-daafc5a7ae6a/exports/harden/chip/runs/RUN_2026-08-16_06-21-45/final/nl/nano_cgra_3x3_sobel_accelerator_v4.nl.v line 17394, module gf180mcu_fd_sc_mcu7t5v0__dffsnq_1 not found. Creating black box for _3114_.
Warning: /tmp/chip-orchestra/workspaces/dbe7af46-366c-421b-8cf3-daafc5a7ae6a/exports/harden/chip/runs/RUN_2026-08-16_06-21-45/final/nl/nano_cgra_3x3_sobel_accelerator_v4.nl.v line 17610, module gf180mcu_fd_sc_mcu7t5v0__tieh not found. Creating black box for _3167__195.
Warning: /tmp/chip-orchestra/workspaces/dbe7af46-366c-421b-8cf3-daafc5a7ae6a/exports/harden/chip/runs/RUN_2026-08-16_06-21-45/final/nl/nano_cgra_3x3_sobel_accelerator_v4.nl.v line 17715, module gf180mcu_fd_sc_mcu7t5v0__clkbuf_16 not found. Creating black box for clkbuf_0_clk.
Warning: /tmp/chip-orchestra/workspaces/dbe7af46-366c-421b-8cf3-daafc5a7ae6a/exports/harden/chip/runs/RUN_2026-08-16_06-21-45/final/nl/nano_cgra_3x3_sobel_accelerator_v4.nl.v line 17772, module gf180mcu_fd_sc_mcu7t5v0__inv_2 not found. Creating black box for clkload1.
Warning: /tmp/chip-orchestra/workspaces/dbe7af46-366c-421b-8cf3-daafc5a7ae6a/exports/harden/chip/runs/RUN_2026-08-16_06-21-45/final/nl/nano_cgra_3x3_sobel_accelerator_v4.nl.v line 17773, module gf180mcu_fd_sc_mcu7t5v0__inv_4 not found. Creating black box for clkload10.
Warning: /tmp/chip-orchestra/workspaces/dbe7af46-366c-421b-8cf3-daafc5a7ae6a/exports/harden/chip/runs/RUN_2026-08-16_06-21-45/final/nl/nano_cgra_3x3_sobel_accelerator_v4.nl.v line 17774, module gf180mcu_fd_sc_mcu7t5v0__inv_3 not found. Creating black box for clkload11.
Warning: /tmp/chip-orchestra/workspaces/dbe7af46-366c-421b-8cf3-daafc5a7ae6a/exports/harden/chip/runs/RUN_2026-08-16_06-21-45/final/nl/nano_cgra_3x3_sobel_accelerator_v4.nl.v line 17777, module gf180mcu_fd_sc_mcu7t5v0__clkinv_8 not found. Creating black box for clkload14.
Warning: /tmp/chip-orchestra/workspaces/dbe7af46-366c-421b-8cf3-daafc5a7ae6a/exports/harden/chip/runs/RUN_2026-08-16_06-21-45/final/nl/nano_cgra_3x3_sobel_accelerator_v4.nl.v line 17780, module gf180mcu_fd_sc_mcu7t5v0__clkinv_2 not found. Creating black box for clkload17.
Warning: /tmp/chip-orchestra/workspaces/dbe7af46-366c-421b-8cf3-daafc5a7ae6a/exports/harden/chip/runs/RUN_2026-08-16_06-21-45/final/nl/nano_cgra_3x3_sobel_accelerator_v4.nl.v line 17793, module gf180mcu_fd_sc_mcu7t5v0__inv_8 not found. Creating black box for clkload8.
Warning: /tmp/chip-orchestra/workspaces/dbe7af46-366c-421b-8cf3-daafc5a7ae6a/exports/harden/chip/runs/RUN_2026-08-16_06-21-45/final/nl/nano_cgra_3x3_sobel_accelerator_v4.nl.v line 17795, module gf180mcu_fd_sc_mcu7t5v0__dlyb_1 not found. Creating black box for fanout105.
Warning: /tmp/chip-orchestra/workspaces/dbe7af46-366c-421b-8cf3-daafc5a7ae6a/exports/harden/chip/runs/RUN_2026-08-16_06-21-45/final/nl/nano_cgra_3x3_sobel_accelerator_v4.nl.v line 17859, module gf180mcu_fd_sc_mcu7t5v0__dlyc_1 not found. Creating black box for hold196.
Warning: /tmp/chip-orchestra/workspaces/dbe7af46-366c-421b-8cf3-daafc5a7ae6a/exports/harden/chip/runs/RUN_2026-08-16_06-21-45/final/nl/nano_cgra_3x3_sobel_accelerator_v4.nl.v line 17865, module gf180mcu_fd_sc_mcu7t5v0__buf_4 not found. Creating black box for load_slew10.
Warning: /tmp/chip-orchestra/workspaces/dbe7af46-366c-421b-8cf3-daafc5a7ae6a/exports/harden/chip/runs/RUN_2026-08-16_06-21-45/final/nl/nano_cgra_3x3_sobel_accelerator_v4.nl.v line 17867, module gf180mcu_fd_sc_mcu7t5v0__buf_2 not found. Creating black box for load_slew100.
Warning: /tmp/chip-orchestra/workspaces/dbe7af46-366c-421b-8cf3-daafc5a7ae6a/exports/harden/chip/runs/RUN_2026-08-16_06-21-45/final/nl/nano_cgra_3x3_sobel_accelerator_v4.nl.v line 18041, module gf180mcu_fd_sc_mcu7t5v0__clkbuf_3 not found. Creating black box for load_slew31.
Warning: /tmp/chip-orchestra/workspaces/dbe7af46-366c-421b-8cf3-daafc5a7ae6a/exports/harden/chip/runs/RUN_2026-08-16_06-21-45/final/nl/nano_cgra_3x3_sobel_accelerator_v4.nl.v line 18133, module gf180mcu_fd_sc_mcu7t5v0__buf_8 not found. Creating black box for max_cap43.
Warning: /tmp/chip-orchestra/workspaces/dbe7af46-366c-421b-8cf3-daafc5a7ae6a/exports/harden/chip/runs/RUN_2026-08-16_06-21-45/final/nl/nano_cgra_3x3_sobel_accelerator_v4.nl.v line 18135, module gf180mcu_fd_sc_mcu7t5v0__clkbuf_1 not found. Creating black box for max_cap6.
Error: nano_cgra_3x3_sobel_accelerator_v4.sdc line 19, 'gf180mcu_fd_sc_mcu7t5v0__inv_4' not found.
{
  "wns_ns": 0.0,
  "tns_ns": 0.0,
  "power_mw": 0.0,
  "timing_met": true,
  "engine": "opensta"
}
