This is pdfTeX, Version 3.141592653-2.6-1.40.26 (TeX Live 2025/dev/Debian) (preloaded format=pdflatex 2026.8.16)  16 AUG 2026 09:32
entering extended mode
 restricted \write18 enabled.
 %&-line parsing enabled.
**final_report.tex
(./final_report.tex
LaTeX2e <2024-11-01> patch level 2
L3 programming layer <2025-01-18>
(./ieeeaccess.cls (./IEEEtran.cls
Document Class: IEEEtran 2015/08/26 V1.8b by Michael Shell
-- See the "IEEEtran_HOWTO" manual for usage information.
-- http://www.michaelshell.org/tex/ieeetran/
\@IEEEtrantmpdimenA=\dimen141
\@IEEEtrantmpdimenB=\dimen142
\@IEEEtrantmpdimenC=\dimen143
\@IEEEtrantmpcountA=\count196
\@IEEEtrantmpcountB=\count197
\@IEEEtrantmpcountC=\count198
\@IEEEtrantmptoksA=\toks17
LaTeX Font Info:    Trying to load font information for OT1+ptm on input line 5
03.
(/usr/share/texlive/texmf-dist/tex/latex/psnfss/ot1ptm.fd
File: ot1ptm.fd 2001/06/04 font definitions for OT1/ptm.
)
-- Using 8.5in x 11in (letter) paper.
-- Using PDF output.
\@IEEEnormalsizeunitybaselineskip=\dimen144
-- This is a 10 point document.
\CLASSINFOnormalsizebaselineskip=\dimen145
\CLASSINFOnormalsizeunitybaselineskip=\dimen146
\IEEEnormaljot=\dimen147
LaTeX Font Info:    Font shape `OT1/ptm/bx/n' in size <5> not available
(Font)              Font shape `OT1/ptm/b/n' tried instead on input line 1090.
LaTeX Font Info:    Font shape `OT1/ptm/bx/it' in size <5> not available
(Font)              Font shape `OT1/ptm/b/it' tried instead on input line 1090.

LaTeX Font Info:    Font shape `OT1/ptm/bx/n' in size <7> not available
(Font)              Font shape `OT1/ptm/b/n' tried instead on input line 1090.
LaTeX Font Info:    Font shape `OT1/ptm/bx/it' in size <7> not available
(Font)              Font shape `OT1/ptm/b/it' tried instead on input line 1090.

LaTeX Font Info:    Font shape `OT1/ptm/bx/n' in size <8> not available
(Font)              Font shape `OT1/ptm/b/n' tried instead on input line 1090.
LaTeX Font Info:    Font shape `OT1/ptm/bx/it' in size <8> not available
(Font)              Font shape `OT1/ptm/b/it' tried instead on input line 1090.

LaTeX Font Info:    Font shape `OT1/ptm/bx/n' in size <9> not available
(Font)              Font shape `OT1/ptm/b/n' tried instead on input line 1090.
LaTeX Font Info:    Font shape `OT1/ptm/bx/it' in size <9> not available
(Font)              Font shape `OT1/ptm/b/it' tried instead on input line 1090.

LaTeX Font Info:    Font shape `OT1/ptm/bx/n' in size <10> not available
(Font)              Font shape `OT1/ptm/b/n' tried instead on input line 1090.
LaTeX Font Info:    Font shape `OT1/ptm/bx/it' in size <10> not available
(Font)              Font shape `OT1/ptm/b/it' tried instead on input line 1090.

LaTeX Font Info:    Font shape `OT1/ptm/bx/n' in size <11> not available
(Font)              Font shape `OT1/ptm/b/n' tried instead on input line 1090.
LaTeX Font Info:    Font shape `OT1/ptm/bx/it' in size <11> not available
(Font)              Font shape `OT1/ptm/b/it' tried instead on input line 1090.

LaTeX Font Info:    Font shape `OT1/ptm/bx/n' in size <12> not available
(Font)              Font shape `OT1/ptm/b/n' tried instead on input line 1090.
LaTeX Font Info:    Font shape `OT1/ptm/bx/it' in size <12> not available
(Font)              Font shape `OT1/ptm/b/it' tried instead on input line 1090.

LaTeX Font Info:    Font shape `OT1/ptm/bx/n' in size <17> not available
(Font)              Font shape `OT1/ptm/b/n' tried instead on input line 1090.
LaTeX Font Info:    Font shape `OT1/ptm/bx/it' in size <17> not available
(Font)              Font shape `OT1/ptm/b/it' tried instead on input line 1090.

LaTeX Font Info:    Font shape `OT1/ptm/bx/n' in size <20> not available
(Font)              Font shape `OT1/ptm/b/n' tried instead on input line 1090.
LaTeX Font Info:    Font shape `OT1/ptm/bx/it' in size <20> not available
(Font)              Font shape `OT1/ptm/b/it' tried instead on input line 1090.

LaTeX Font Info:    Font shape `OT1/ptm/bx/n' in size <24> not available
(Font)              Font shape `OT1/ptm/b/n' tried instead on input line 1090.
LaTeX Font Info:    Font shape `OT1/ptm/bx/it' in size <24> not available
(Font)              Font shape `OT1/ptm/b/it' tried instead on input line 1090.

\IEEEquantizedlength=\dimen148
\IEEEquantizedlengthdiff=\dimen149
\IEEEquantizedtextheightdiff=\dimen150
\IEEEilabelindentA=\dimen151
\IEEEilabelindentB=\dimen152
\IEEEilabelindent=\dimen153
\IEEEelabelindent=\dimen154
\IEEEdlabelindent=\dimen155
\IEEElabelindent=\dimen156
\IEEEiednormlabelsep=\dimen157
\IEEEiedmathlabelsep=\dimen158
\IEEEiedtopsep=\skip49
\c@section=\count199
\c@subsection=\count266
\c@subsubsection=\count267
\c@paragraph=\count268
\c@IEEEsubequation=\count269
\abovecaptionskip=\skip50
\belowcaptionskip=\skip51
\c@figure=\count270
\c@table=\count271
\@IEEEeqnnumcols=\count272
\@IEEEeqncolcnt=\count273
\@IEEEsubeqnnumrollback=\count274
\@IEEEquantizeheightA=\dimen159
\@IEEEquantizeheightB=\dimen160
\@IEEEquantizeheightC=\dimen161
\@IEEEquantizeprevdepth=\dimen162
\@IEEEquantizemultiple=\count275
\@IEEEquantizeboxA=\box52
\@IEEEtmpitemindent=\dimen163
\IEEEPARstartletwidth=\dimen164
\c@IEEEbiography=\count276
\@IEEEtranrubishbin=\box53
) (/usr/share/texlive/texmf-dist/tex/generic/iftex/ifpdf.sty
Package: ifpdf 2019/10/25 v3.4 ifpdf legacy package. Use iftex instead.

(/usr/share/texlive/texmf-dist/tex/generic/iftex/iftex.sty
Package: iftex 2024/12/12 v1.0g TeX engine tests
))
(/usr/share/texlive/texmf-dist/tex/latex/xkeyval/xkeyval.sty
Package: xkeyval 2022/06/16 v2.9 package option processing (HA)

(/usr/share/texlive/texmf-dist/tex/generic/xkeyval/xkeyval.tex
(/usr/share/texlive/texmf-dist/tex/generic/xkeyval/xkvutils.tex
\XKV@toks=\toks18
\XKV@tempa@toks=\toks19

(/usr/share/texlive/texmf-dist/tex/generic/xkeyval/keyval.tex))
\XKV@depth=\count277
File: xkeyval.tex 2014/12/03 v2.7a key=value parser (HA)
)){/var/lib/texmf/fonts/map/pdftex/updmap/pdftex.map}

pdfTeX warning: pdflatex (file t1-times.map): cannot open font map file


pdfTeX warning: pdflatex (file t1-formata.map): cannot open font map file


pdfTeX warning: pdflatex (file t1-giovannistd.map): cannot open font map file
\@draftversionrule=\dimen165
(/usr/share/texlive/texmf-dist/tex/latex/graphics/color.sty
Package: color 2024/06/23 v1.3e Standard LaTeX Color (DPC)

(/usr/share/texlive/texmf-dist/tex/latex/graphics-cfg/color.cfg
File: color.cfg 2016/01/02 v1.6 sample color configuration
)
Package color Info: Driver file: pdftex.def on input line 149.

(/usr/share/texlive/texmf-dist/tex/latex/graphics-def/pdftex.def
File: pdftex.def 2024/04/13 v1.2c Graphics/color driver for pdftex
)
(/usr/share/texlive/texmf-dist/tex/latex/graphics/mathcolor.ltx))
(/usr/share/texlive/texmf-dist/tex/latex/spotcolor/spotcolor.sty
Package: spotcolor 2006/11/15 v1.2 Package for adding Spot Color support to pdf
LaTeX.

(/usr/share/texlive/texmf-dist/tex/latex/graphics/graphics.sty
Package: graphics 2024/08/06 v1.4g Standard LaTeX Graphics (DPC,SPQR)

(/usr/share/texlive/texmf-dist/tex/latex/graphics/trig.sty
Package: trig 2023/12/02 v1.11 sin cos tan (DPC)
)
(/usr/share/texlive/texmf-dist/tex/latex/graphics-cfg/graphics.cfg
File: graphics.cfg 2016/06/04 v1.11 sample graphics configuration
)
Package graphics Info: Driver file: pdftex.def on input line 106.
)
\thecolorprofile=\count278
\thecolor=\count279
)
\PANTONE=\toks20
Package color Info: Redefining color black on input line 134.
\figbox=\box54
\titlewidth=\skip52
\abstractwidth=\skip53
\c@addrCtr=\count280
\abstractbox=\box55
\indexbox=\box56
\absht=\dimen166
\kwdht=\dimen167
\@tempcntc=\count281
\titlepgskip=\skip54
\maketitlebox=\box57
)
(/usr/share/texlive/texmf-dist/tex/latex/cite/cite.sty
LaTeX Info: Redefining \cite on input line 302.
LaTeX Info: Redefining \nocite on input line 332.
Package: cite 2015/02/27  v 5.5
)
(/usr/share/texlive/texmf-dist/tex/latex/amsmath/amsmath.sty
Package: amsmath 2024/11/05 v2.17t AMS math features
\@mathmargin=\skip55

For additional information on amsmath, use the `?' option.
(/usr/share/texlive/texmf-dist/tex/latex/amsmath/amstext.sty
Package: amstext 2021/08/26 v2.01 AMS text

(/usr/share/texlive/texmf-dist/tex/latex/amsmath/amsgen.sty
File: amsgen.sty 1999/11/30 v2.0 generic functions
\@emptytoks=\toks21
\ex@=\dimen168
))
(/usr/share/texlive/texmf-dist/tex/latex/amsmath/amsbsy.sty
Package: amsbsy 1999/11/29 v1.2d Bold Symbols
\pmbraise@=\dimen169
)
(/usr/share/texlive/texmf-dist/tex/latex/amsmath/amsopn.sty
Package: amsopn 2022/04/08 v2.04 operator names
)
\inf@bad=\count282
LaTeX Info: Redefining \frac on input line 233.
\uproot@=\count283
\leftroot@=\count284
LaTeX Info: Redefining \overline on input line 398.
LaTeX Info: Redefining \colon on input line 409.
\classnum@=\count285
\DOTSCASE@=\count286
LaTeX Info: Redefining \ldots on input line 495.
LaTeX Info: Redefining \dots on input line 498.
LaTeX Info: Redefining \cdots on input line 619.
\Mathstrutbox@=\box58
\strutbox@=\box59
LaTeX Info: Redefining \big on input line 721.
LaTeX Info: Redefining \Big on input line 722.
LaTeX Info: Redefining \bigg on input line 723.
LaTeX Info: Redefining \Bigg on input line 724.
\big@size=\dimen170
LaTeX Font Info:    Redeclaring font encoding OML on input line 742.
LaTeX Font Info:    Redeclaring font encoding OMS on input line 743.
\macc@depth=\count287
LaTeX Info: Redefining \bmod on input line 904.
LaTeX Info: Redefining \pmod on input line 909.
LaTeX Info: Redefining \smash on input line 939.
LaTeX Info: Redefining \relbar on input line 969.
LaTeX Info: Redefining \Relbar on input line 970.
\c@MaxMatrixCols=\count288
\dotsspace@=\muskip17
\c@parentequation=\count289
\dspbrk@lvl=\count290
\tag@help=\toks22
\row@=\count291
\column@=\count292
\maxfields@=\count293
\andhelp@=\toks23
\eqnshift@=\dimen171
\alignsep@=\dimen172
\tagshift@=\dimen173
\tagwidth@=\dimen174
\totwidth@=\dimen175
\lineht@=\dimen176
\@envbody=\toks24
\multlinegap=\skip56
\multlinetaggap=\skip57
\mathdisplay@stack=\toks25
LaTeX Info: Redefining \[ on input line 2953.
LaTeX Info: Redefining \] on input line 2954.
)
(/usr/share/texlive/texmf-dist/tex/latex/amsfonts/amssymb.sty
Package: amssymb 2013/01/14 v3.01 AMS font symbols

(/usr/share/texlive/texmf-dist/tex/latex/amsfonts/amsfonts.sty
Package: amsfonts 2013/01/14 v3.01 Basic AMSFonts support
\symAMSa=\mathgroup4
\symAMSb=\mathgroup5
LaTeX Font Info:    Redeclaring math symbol \hbar on input line 98.
LaTeX Font Info:    Overwriting math alphabet `\mathfrak' in version `bold'
(Font)                  U/euf/m/n --> U/euf/b/n on input line 106.
))
(/usr/share/texlive/texmf-dist/tex/latex/graphics/graphicx.sty
Package: graphicx 2021/09/16 v1.2d Enhanced LaTeX Graphics (DPC,SPQR)
\Gin@req@height=\dimen177
\Gin@req@width=\dimen178
)
(/usr/share/texlive/texmf-dist/tex/latex/base/textcomp.sty
Package: textcomp 2024/04/24 v2.1b Standard LaTeX package
)
(/usr/share/texlive/texmf-dist/tex/latex/booktabs/booktabs.sty
Package: booktabs 2020/01/12 v1.61803398 Publication quality tables
\heavyrulewidth=\dimen179
\lightrulewidth=\dimen180
\cmidrulewidth=\dimen181
\belowrulesep=\dimen182
\belowbottomsep=\dimen183
\aboverulesep=\dimen184
\abovetopsep=\dimen185
\cmidrulesep=\dimen186
\cmidrulekern=\dimen187
\defaultaddspace=\dimen188
\@cmidla=\count294
\@cmidlb=\count295
\@aboverulesep=\dimen189
\@belowrulesep=\dimen190
\@thisruleclass=\count296
\@lastruleclass=\count297
\@thisrulewidth=\dimen191
)
(/usr/share/texlive/texmf-dist/tex/latex/tools/array.sty
Package: array 2024/10/17 v2.6g Tabular extension package (FMi)
\col@sep=\dimen192
\ar@mcellbox=\box60
\extrarowheight=\dimen193
\NC@list=\toks26
\extratabsurround=\skip58
\backup@length=\skip59
\ar@cellbox=\box61
)
(/usr/share/texlive/texmf-dist/tex/latex/ragged2e/ragged2e.sty
Package: ragged2e 2023/06/22 v3.6 ragged2e Package
\CenteringLeftskip=\skip60
\RaggedLeftLeftskip=\skip61
\RaggedRightLeftskip=\skip62
\CenteringRightskip=\skip63
\RaggedLeftRightskip=\skip64
\RaggedRightRightskip=\skip65
\CenteringParfillskip=\skip66
\RaggedLeftParfillskip=\skip67
\RaggedRightParfillskip=\skip68
\JustifyingParfillskip=\skip69
\CenteringParindent=\skip70
\RaggedLeftParindent=\skip71
\RaggedRightParindent=\skip72
\JustifyingParindent=\skip73
)
(/usr/share/texlive/texmf-dist/tex/latex/url/url.sty
\Urlmuskip=\muskip18
Package: url 2013/09/16  ver 3.4  Verb mode for urls, etc.
)
(/usr/share/texlive/texmf-dist/tex/latex/l3backend/l3backend-pdftex.def
File: l3backend-pdftex.def 2024-05-08 L3 backend support: PDF output (pdfTeX)
\l__color_backend_stack_int=\count298
\l__pdf_internal_box=\box62
)
No file final_report.aux.
\openout1 = `final_report.aux'.

LaTeX Font Info:    Checking defaults for OML/cmm/m/it on input line 37.
LaTeX Font Info:    ... okay on input line 37.
LaTeX Font Info:    Checking defaults for OMS/cmsy/m/n on input line 37.
LaTeX Font Info:    ... okay on input line 37.
LaTeX Font Info:    Checking defaults for OT1/cmr/m/n on input line 37.
LaTeX Font Info:    ... okay on input line 37.
LaTeX Font Info:    Checking defaults for T1/cmr/m/n on input line 37.
LaTeX Font Info:    ... okay on input line 37.
LaTeX Font Info:    Checking defaults for TS1/cmr/m/n on input line 37.
LaTeX Font Info:    ... okay on input line 37.
LaTeX Font Info:    Checking defaults for OMX/cmex/m/n on input line 37.
LaTeX Font Info:    ... okay on input line 37.
LaTeX Font Info:    Checking defaults for U/cmr/m/n on input line 37.
LaTeX Font Info:    ... okay on input line 37.
-- Lines per column: 56 (exact).
LaTeX Font Info:    Trying to load font information for T1+ptm on input line 37
.
(/usr/share/texlive/texmf-dist/tex/latex/psnfss/t1ptm.fd
File: t1ptm.fd 2001/06/04 font definitions for T1/ptm.
)

LaTeX Font Warning: Font shape `T1/ptm/n/n' undefined
(Font)              using `T1/ptm/m/n' instead on input line 37.

(/usr/share/texlive/texmf-dist/tex/context/base/mkii/supp-pdf.mkii
[Loading MPS to PDF converter (version 2006.09.02).]
\scratchcounter=\count299
\scratchdimen=\dimen194
\scratchbox=\box63
\nofMPsegments=\count300
\nofMParguments=\count301
\everyMPshowfont=\toks27
\MPscratchCnt=\count302
\MPscratchDim=\dimen195
\MPnumerator=\count303
\makeMPintoPDFobject=\count304
\everyMPtoPDFconversion=\toks28
) (/usr/share/texlive/texmf-dist/tex/latex/epstopdf-pkg/epstopdf-base.sty
Package: epstopdf-base 2020-01-24 v2.11 Base part for package epstopdf
Package epstopdf-base Info: Redefining graphics rule for `.eps' on input line 4
85.

(/usr/share/texlive/texmf-dist/tex/latex/latexconfig/epstopdf-sys.cfg
File: epstopdf-sys.cfg 2010/07/13 v1.3 Configuration of (r)epstopdf for TeX Liv
e
))
<bullet.png, id=3, 64.24pt x 64.24pt>
File: bullet.png Graphic file (type png)
<use bullet.png>
Package pdftex.def Info: bullet.png  used on input line 51.
(pdftex.def)             Requested size: 5.0pt x 4.99913pt.
LaTeX Font Info:    Trying to load font information for T1+phv on input line 51
.

(/usr/share/texlive/texmf-dist/tex/latex/psnfss/t1phv.fd
File: t1phv.fd 2020/03/25 scalable font definitions for T1/phv.
)

LaTeX Font Warning: Font shape `T1/phv/n/n' undefined
(Font)              using `T1/phv/m/n' instead on input line 51.

LaTeX Font Info:    Trying to load font information for T1+pcr on input line 52
.
(/usr/share/texlive/texmf-dist/tex/latex/psnfss/t1pcr.fd
File: t1pcr.fd 2001/06/04 font definitions for T1/pcr.
)

LaTeX Font Warning: Font shape `T1/pcr/n/n' undefined
(Font)              using `T1/pcr/m/n' instead on input line 52.

File: bullet.png Graphic file (type png)
<use bullet.png>
Package pdftex.def Info: bullet.png  used on input line 55.
(pdftex.def)             Requested size: 5.0pt x 4.99913pt.
LaTeX Font Info:    Calculating math sizes for size <9.9> on input line 61.
LaTeX Font Info:    Trying to load font information for U+msa on input line 61.

(/usr/share/texlive/texmf-dist/tex/latex/amsfonts/umsa.fd
File: umsa.fd 2013/01/14 v3.01 AMS symbols A
)
LaTeX Font Info:    Trying to load font information for U+msb on input line 61.


(/usr/share/texlive/texmf-dist/tex/latex/amsfonts/umsb.fd
File: umsb.fd 2013/01/14 v3.01 AMS symbols B
)
LaTeX Font Info:    Calculating math sizes for size <6.6> on input line 61.

Overfull \hbox (9.2679pt too wide) in paragraph at lines 61--61
[]  
 []


Overfull \hbox (9.2679pt too wide) in paragraph at lines 61--61
[]  
 []


LaTeX Warning: Citation `b1' on page 1 undefined on input line 65.


LaTeX Warning: Citation `b2' on page 1 undefined on input line 65.


LaTeX Warning: Citation `b3' on page 1 undefined on input line 65.


LaTeX Warning: Citation `b4' on page 1 undefined on input line 65.


LaTeX Warning: Reference `sec:arch' on page 1 undefined on input line 67.


LaTeX Warning: Reference `sec:verif' on page 1 undefined on input line 67.


LaTeX Warning: Reference `sec:hwsw' on page 1 undefined on input line 67.


LaTeX Warning: Reference `sec:impl' on page 1 undefined on input line 67.


LaTeX Warning: Reference `sec:signoff' on page 1 undefined on input line 67.





<Logo.png, id=5, 984.67876pt x 251.94125pt>
File: Logo.png Graphic file (type png)
<use Logo.png>
Package pdftex.def Info: Logo.png  used on input line 72.
(pdftex.def)             Requested size: 91.32pt x 23.36186pt.

Overfull \hbox (505.12177pt too wide) has occurred while \output is active
[]
 []


Overfull \hbox (505.12177pt too wide) has occurred while \output is active
[]
 []


Overfull \hbox (505.12177pt too wide) has occurred while \output is active
[]
 []


Underfull \hbox (badness 10000) has occurred while \output is active
[]
 []

[1{/usr/share/texlive/texmf-dist/fonts/enc/dvips/base/8r.enc}


 <./Logo.png> <./bullet.png>]

LaTeX Warning: Citation `r1' on page 2 undefined on input line 75.


Underfull \hbox (badness 3471) in paragraph at lines 75--76
[]\T1/ptm/n/n/10 Designing SO-BEL Edge De-tec-tion Us-ing VLSI on
 []


LaTeX Warning: Citation `r2' on page 2 undefined on input line 77.


LaTeX Warning: Citation `r3' on page 2 undefined on input line 79.


Underfull \hbox (badness 1394) in paragraph at lines 79--80
[]\T1/ptm/n/n/10 Insights from Basilisk: Are Open-Source EDA Tools
 []


Underfull \hbox (badness 4013) in paragraph at lines 79--80
\T1/ptm/n/n/10 Ready for a Multi-Million-Gate, Linux-Booting RV64
 []


Underfull \hbox (badness 10000) in paragraph at lines 79--80
\T1/ptm/n/n/10 SoC De-sign? [\T1/ptm/b/n/10 ?\T1/ptm/n/n/10 ]: Demon-strates a 
full open-source
 []


LaTeX Warning: Citation `r4' on page 2 undefined on input line 81.


LaTeX Warning: Citation `r5' on page 2 undefined on input line 83.


Underfull \hbox (badness 10000) in paragraph at lines 87--88
\T1/ptm/n/n/10 Gen-er-ated for task nano cgra 3x3 so-bel ac-cel-er-a-
 []


Underfull \hbox (badness 5939) in paragraph at lines 87--88
\T1/ptm/n/n/10 tor v4 by the RLM deep agent, im-ple-ment-ing the
 []


Underfull \hbox (badness 10000) in paragraph at lines 87--88
\T1/ptm/n/n/10 Python golden model in golden/. - Top mod-ule:
 []


Underfull \hbox (badness 10000) in paragraph at lines 87--88
\T1/ptm/n/n/10 nano_cgra_3x3_sobel_accelerator_v4 - Sub-toplevel(s):
 []


Underfull \hbox (badness 10000) in paragraph at lines 87--88
\T1/ptm/n/n/10 cgra_3x3, uart_rx, uart_tx - Leaf IPs: baud_gen,
 []


Underfull \hbox (badness 10000) in paragraph at lines 87--88
\T1/ptm/n/n/10 line_buffer, mmio_bus, nano_controller, params, pe,
 []


Underfull \hbox (badness 10000) in paragraph at lines 87--88
\T1/ptm/n/n/10 re-set_sync, so-bel_core, sram_32b, win-dow_3x3 -
 []


Underfull \hbox (badness 10000) in paragraph at lines 87--88
\T1/ptm/n/n/10 Files: rtl/baud_gen.v, rtl/cgra_3x3.v, rtl/line_buffer.v,
 []


Underfull \hbox (badness 2671) in paragraph at lines 87--88
\T1/ptm/n/n/10 rtl/mmio_bus.v, rtl/nano_cgra_3x3_sobel_accelerator_v4.v,
 []


Underfull \hbox (badness 1675) in paragraph at lines 87--88
\T1/ptm/n/n/10 rtl/sobel_core.v, rtl/sram_32b.v, rtl/uart_rx.v, rtl/uart_tx.v,
 []


LaTeX Warning: Reference `tab:modules' on page 2 undefined on input line 89.

<diagrams.pdf, id=19, page=1, 588.08104pt x 194.47255pt>
File: diagrams.pdf Graphic file (type pdf)
<use diagrams.pdf, page 1>
Package pdftex.def Info: diagrams.pdf , page1 used on input line 125.
(pdftex.def)             Requested size: 588.0796pt x 194.47206pt.

LaTeX Warning: Reference `fig:toplevel' on page 2 undefined on input line 130.




LaTeX Warning: Reference `sec:verif' on page 2 undefined on input line 163.



<notaglineLogo.png, id=20, 984.67876pt x 251.94125pt>
File: notaglineLogo.png Graphic file (type png)
<use notaglineLogo.png>
Package pdftex.def Info: notaglineLogo.png  used on input line 165.
(pdftex.def)             Requested size: 91.32pt x 23.36186pt.

Overfull \hbox (505.12177pt too wide) has occurred while \output is active
[]
 []


Overfull \hbox (505.12177pt too wide) has occurred while \output is active
[]
 []


Underfull \hbox (badness 10000) has occurred while \output is active
[]
 []

[2 <./notaglineLogo.png>]

LaTeX Warning: Reference `fig:input' on page 3 undefined on input line 168.


LaTeX Warning: Reference `fig:golden' on page 3 undefined on input line 168.


LaTeX Warning: Reference `fig:chipout' on page 3 undefined on input line 168.

<../waves/chip_input.png, id=25, 1072.881pt x 369.234pt>
File: ../waves/chip_input.png Graphic file (type png)
<use ../waves/chip_input.png>
Package pdftex.def Info: ../waves/chip_input.png  used on input line 171.
(pdftex.def)             Requested size: 218.40471pt x 75.16385pt.
File: ../waves/chip_input.png Graphic file (type png)
<use ../waves/chip_input.png>
Package pdftex.def Info: ../waves/chip_input.png  used on input line 171.
(pdftex.def)             Requested size: 218.40471pt x 75.16385pt.
<../waves/golden_output.png, id=26, 256.96pt x 256.96pt>
File: ../waves/golden_output.png Graphic file (type png)
<use ../waves/golden_output.png>
Package pdftex.def Info: ../waves/golden_output.png  used on input line 174.
(pdftex.def)             Requested size: 218.40471pt x 218.40918pt.
File: ../waves/golden_output.png Graphic file (type png)
<use ../waves/golden_output.png>
Package pdftex.def Info: ../waves/golden_output.png  used on input line 174.
(pdftex.def)             Requested size: 218.40471pt x 218.40918pt.
<../waves/chip_output.png, id=27, 256.96pt x 256.96pt>
File: ../waves/chip_output.png Graphic file (type png)
<use ../waves/chip_output.png>
Package pdftex.def Info: ../waves/chip_output.png  used on input line 177.
(pdftex.def)             Requested size: 218.40471pt x 218.40918pt.
File: ../waves/chip_output.png Graphic file (type png)
<use ../waves/chip_output.png>
Package pdftex.def Info: ../waves/chip_output.png  used on input line 177.
(pdftex.def)             Requested size: 218.40471pt x 218.40918pt.

LaTeX Warning: Reference `fig:golden' on page 3 undefined on input line 177.

<../waves/waveform.png, id=28, 722.7pt x 679.338pt>
File: ../waves/waveform.png Graphic file (type png)
<use ../waves/waveform.png>
Package pdftex.def Info: ../waves/waveform.png  used on input line 180.
(pdftex.def)             Requested size: 218.40471pt x 205.29565pt.
File: ../waves/waveform.png Graphic file (type png)
<use ../waves/waveform.png>
Package pdftex.def Info: ../waves/waveform.png  used on input line 180.
(pdftex.def)             Requested size: 218.40471pt x 205.29565pt.

LaTeX Warning: Reference `tab:verif' on page 3 undefined on input line 183.


LaTeX Warning: Reference `sec:verif' on page 3 undefined on input line 209.




LaTeX Font Warning: Font shape `T1/ptm/n/it' undefined
(Font)              using `T1/ptm/n/n' instead on input line 211.



File: notaglineLogo.png Graphic file (type png)
<use notaglineLogo.png>
Package pdftex.def Info: notaglineLogo.png  used on input line 212.
(pdftex.def)             Requested size: 91.32pt x 23.36186pt.

Overfull \hbox (505.12177pt too wide) has occurred while \output is active
[]
 []


Overfull \hbox (505.12177pt too wide) has occurred while \output is active
[]
 []


Underfull \hbox (badness 10000) has occurred while \output is active
[]
 []

[3 <./diagrams.pdf> <../waves/chip_input.png> <../waves/golden_output.png (PNG 
copy)>]


Underfull \hbox (badness 2310) in paragraph at lines 240--241
\T1/ptm/n/n/10 and ge-om-e-try, runs the ref-er-ence model on the iden-
 []


Underfull \hbox (badness 4120) in paragraph at lines 240--241
\T1/ptm/n/n/10 ti-cal in-put to ob-tain the ex-pected re-sponse, and re-
 []

<../hwsw/input_preview.png, id=41, 321.2pt x 321.2pt>
File: ../hwsw/input_preview.png Graphic file (type png)
<use ../hwsw/input_preview.png>
Package pdftex.def Info: ../hwsw/input_preview.png  used on input line 269.
(pdftex.def)             Requested size: 218.40471pt x 218.4082pt.
File: ../hwsw/input_preview.png Graphic file (type png)
<use ../hwsw/input_preview.png>
Package pdftex.def Info: ../hwsw/input_preview.png  used on input line 269.
(pdftex.def)             Requested size: 218.40471pt x 218.4082pt.
<../hwsw/expected_output.png, id=42, 301.125pt x 301.125pt>
File: ../hwsw/expected_output.png Graphic file (type png)
<use ../hwsw/expected_output.png>
Package pdftex.def Info: ../hwsw/expected_output.png  used on input line 272.
(pdftex.def)             Requested size: 218.40471pt x 218.4134pt.
File: ../hwsw/expected_output.png Graphic file (type png)
<use ../hwsw/expected_output.png>
Package pdftex.def Info: ../hwsw/expected_output.png  used on input line 272.
(pdftex.def)             Requested size: 218.40471pt x 218.4134pt.
<../hwsw/chip_output.png, id=43, 301.125pt x 301.125pt>
File: ../hwsw/chip_output.png Graphic file (type png)
<use ../hwsw/chip_output.png>
Package pdftex.def Info: ../hwsw/chip_output.png  used on input line 275.
(pdftex.def)             Requested size: 218.40471pt x 218.4134pt.
File: ../hwsw/chip_output.png Graphic file (type png)
<use ../hwsw/chip_output.png>
Package pdftex.def Info: ../hwsw/chip_output.png  used on input line 275.
(pdftex.def)             Requested size: 218.40471pt x 218.4134pt.

LaTeX Warning: Reference `fig:hwswgold' on page 4 undefined on input line 275.

<../hwsw/waveform.png, id=44, 1003.75pt x 194.7275pt>
File: ../hwsw/waveform.png Graphic file (type png)
<use ../hwsw/waveform.png>
Package pdftex.def Info: ../hwsw/waveform.png  used on input line 278.
(pdftex.def)             Requested size: 218.40471pt x 42.37071pt.
File: ../hwsw/waveform.png Graphic file (type png)
<use ../hwsw/waveform.png>
Package pdftex.def Info: ../hwsw/waveform.png  used on input line 278.
(pdftex.def)             Requested size: 218.40471pt x 42.37071pt.


File: notaglineLogo.png Graphic file (type png)
<use notaglineLogo.png>
Package pdftex.def Info: notaglineLogo.png  used on input line 285.
(pdftex.def)             Requested size: 91.32pt x 23.36186pt.

Overfull \hbox (505.12177pt too wide) has occurred while \output is active
[]
 []


Overfull \hbox (505.12177pt too wide) has occurred while \output is active
[]
 []


Underfull \hbox (badness 10000) has occurred while \output is active
[]
 []

[4 <../waves/chip_output.png (PNG copy)> <../waves/waveform.png>]
Underfull \vbox (badness 10000) has occurred while \output is active []



<diagrams.pdf, id=49, page=9, 207.66685pt x 50.32501pt>
File: diagrams.pdf Graphic file (type pdf)
<use diagrams.pdf, page 9>
Package pdftex.def Info: diagrams.pdf , page9 used on input line 315.
(pdftex.def)             Requested size: 207.66634pt x 50.32487pt.


File: notaglineLogo.png Graphic file (type png)
<use notaglineLogo.png>
Package pdftex.def Info: notaglineLogo.png  used on input line 324.
(pdftex.def)             Requested size: 91.32pt x 23.36186pt.

Overfull \hbox (505.12177pt too wide) has occurred while \output is active
[]
 []


Overfull \hbox (505.12177pt too wide) has occurred while \output is active
[]
 []


Underfull \hbox (badness 10000) has occurred while \output is active
[]
 []

[5 <../hwsw/input_preview.png (PNG copy)> <../hwsw/expected_output.png (PNG cop
y)> <../hwsw/chip_output.png (PNG copy)> <../hwsw/waveform.png (PNG copy)>]
<diagrams.pdf, id=60, page=2, 203.09778pt x 50.32501pt>
File: diagrams.pdf Graphic file (type pdf)
<use diagrams.pdf, page 2>
Package pdftex.def Info: diagrams.pdf , page2 used on input line 328.
(pdftex.def)             Requested size: 203.09727pt x 50.32487pt.
<diagrams.pdf, id=61, page=12, 217.2647pt x 63.4129pt>
File: diagrams.pdf Graphic file (type pdf)
<use diagrams.pdf, page 12>
Package pdftex.def Info: diagrams.pdf , page12 used on input line 351.
(pdftex.def)             Requested size: 217.26416pt x 63.41273pt.
<diagrams.pdf, id=62, page=13, 222.57654pt x 78.20819pt>
File: diagrams.pdf Graphic file (type pdf)
<use diagrams.pdf, page 13>
Package pdftex.def Info: diagrams.pdf , page13 used on input line 364.
(pdftex.def)             Requested size: 222.57597pt x 78.20798pt.

Underfull \hbox (badness 1584) in paragraph at lines 371--372
[]\T1/ptm/m/it/10 Interface: \T1/ptm/n/n/10 clk, rst_n, tx_start, data_in[7:0] 
-> tx_out,
 []



<diagrams.pdf, id=63, page=4, 244.71225pt x 107.79874pt>
File: diagrams.pdf Graphic file (type pdf)
<use diagrams.pdf, page 4>
Package pdftex.def Info: diagrams.pdf , page4 used on input line 377.
(pdftex.def)             Requested size: 244.71164pt x 107.79846pt.
<diagrams.pdf, id=64, page=14, 238.55022pt x 137.39029pt>
File: diagrams.pdf Graphic file (type pdf)
<use diagrams.pdf, page 14>
Package pdftex.def Info: diagrams.pdf , page14 used on input line 390.
(pdftex.def)             Requested size: 238.54962pt x 137.38994pt.


File: notaglineLogo.png Graphic file (type png)
<use notaglineLogo.png>
Package pdftex.def Info: notaglineLogo.png  used on input line 398.
(pdftex.def)             Requested size: 91.32pt x 23.36186pt.

Overfull \hbox (505.12177pt too wide) has occurred while \output is active
[]
 []


Overfull \hbox (505.12177pt too wide) has occurred while \output is active
[]
 []


Underfull \hbox (badness 10000) has occurred while \output is active
[]
 []

[6 <./diagrams.pdf> <./diagrams.pdf> <./diagrams.pdf> <./diagrams.pdf> <./diagr
ams.pdf> <./diagrams.pdf>]
<diagrams.pdf, id=73, page=8, 230.26225pt x 93.00346pt>
File: diagrams.pdf Graphic file (type pdf)
<use diagrams.pdf, page 8>
Package pdftex.def Info: diagrams.pdf , page8 used on input line 413.
(pdftex.def)             Requested size: 230.26167pt x 93.00323pt.
<diagrams.pdf, id=74, page=10, 241.20613pt x 50.32501pt>
File: diagrams.pdf Graphic file (type pdf)
<use diagrams.pdf, page 10>
Package pdftex.def Info: diagrams.pdf , page10 used on input line 431.
(pdftex.def)             Requested size: 241.20554pt x 50.32487pt.


<diagrams.pdf, id=75, page=3, 241.20613pt x 78.20819pt>
File: diagrams.pdf Graphic file (type pdf)
<use diagrams.pdf, page 3>
Package pdftex.def Info: diagrams.pdf , page3 used on input line 464.
(pdftex.def)             Requested size: 241.20554pt x 78.20798pt.
<diagrams.pdf, id=76, page=11, 244.71225pt x 93.00346pt>
File: diagrams.pdf Graphic file (type pdf)
<use diagrams.pdf, page 11>
Package pdftex.def Info: diagrams.pdf , page11 used on input line 492.
(pdftex.def)             Requested size: 244.71164pt x 93.00323pt.


File: notaglineLogo.png Graphic file (type png)
<use notaglineLogo.png>
Package pdftex.def Info: notaglineLogo.png  used on input line 501.
(pdftex.def)             Requested size: 91.32pt x 23.36186pt.

Overfull \hbox (505.12177pt too wide) has occurred while \output is active
[]
 []


Overfull \hbox (505.12177pt too wide) has occurred while \output is active
[]
 []


Underfull \hbox (badness 10000) has occurred while \output is active
[]
 []

[7 <./diagrams.pdf> <./diagrams.pdf> <./diagrams.pdf> <./diagrams.pdf>]
<diagrams.pdf, id=87, page=5, 257.99387pt x 152.18456pt>
File: diagrams.pdf Graphic file (type pdf)
<use diagrams.pdf, page 5>
Package pdftex.def Info: diagrams.pdf , page5 used on input line 505.
(pdftex.def)             Requested size: 257.99323pt x 152.18417pt.

Underfull \hbox (badness 2512) in paragraph at lines 512--513
[]\T1/ptm/m/it/10 Interface: \T1/ptm/n/n/10 clk, rst_n, mst_addr[7:0], mst_wr, 
mst_rd,
 []


Underfull \hbox (badness 10000) in paragraph at lines 512--513
\T1/ptm/n/n/10 mst_wdata[7:0], sram_rdata, uart_rdata, cgra_rdata ->
 []


Underfull \hbox (badness 2951) in paragraph at lines 512--513
\T1/ptm/n/n/10 mst_rdata, sram_sel, uart_sel, cgra_sel, sram_addr[4:0],
 []

<diagrams.pdf, id=88, page=7, 252.68202pt x 196.5714pt>
File: diagrams.pdf Graphic file (type pdf)
<use diagrams.pdf, page 7>
Package pdftex.def Info: diagrams.pdf , page7 used on input line 518.
(pdftex.def)             Requested size: 252.68138pt x 196.5709pt.



Underfull \hbox (badness 2111) in paragraph at lines 525--526
[]\T1/ptm/m/it/10 Interface: \T1/ptm/n/n/10 clk, rst_n, rx_byte[7:0], rx_valid,
 tx_done,
 []


Underfull \hbox (badness 10000) in paragraph at lines 525--526
\T1/ptm/n/n/10 bus_wdata[7:0], pixel_in[7:0], pixel_shift, col_cnt[5:0],
 []

<diagrams.pdf, id=89, page=6, 254.44461pt x 63.4129pt>
File: diagrams.pdf Graphic file (type pdf)
<use diagrams.pdf, page 6>
Package pdftex.def Info: diagrams.pdf , page6 used on input line 546.
(pdftex.def)             Requested size: 254.44398pt x 63.41273pt.

Underfull \hbox (badness 7151) in paragraph at lines 551--552
\T1/ptm/n/n/10 controller, two line buffers, 3x3 win-dow as-sem-bler,
 []


LaTeX Warning: Reference `tab:dataflow' on page 8 undefined on input line 566.


Underfull \hbox (badness 7433) in paragraph at lines 566--567
\T1/ptm/n/n/10 The canon-i-cal in-put is held in the on-chip mem-
 []


Underfull \hbox (badness 6332) in paragraph at lines 566--567
\T1/ptm/n/n/10 ory im-age and streamed through the mod-ule chain
 []


Underfull \hbox (badness 10000) in paragraph at lines 566--567
\T1/ptm/n/n/10 nano_cgra_3x3_sobel_accelerator_v4 $\OMS/cmsy/m/n/10 !$ \T1/ptm/
n/n/10 baud_gen $\OMS/cmsy/m/n/10 !$
 []


Underfull \hbox (badness 3579) in paragraph at lines 566--567
\OMS/cmsy/m/n/10 !$ \T1/ptm/n/n/10 uart_rx $\OMS/cmsy/m/n/10 !$ \T1/ptm/n/n/10 
uart_tx $\OMS/cmsy/m/n/10 !$ \T1/ptm/n/n/10 win-dow_3x3. Each block's
 []


Underfull \hbox (badness 3281) in paragraph at lines 566--567
\T1/ptm/n/n/10 par-ti-tion-ing and the ref-er-ence im-ple-men-ta-tion share a
 []


LaTeX Warning: Reference `tab:cycles' on page 8 undefined on input line 596.


Underfull \hbox (badness 10000) in paragraph at lines 596--597
\T1/ptm/n/n/10 ing ris-ing clock edges in the test-bench wave-form
 []



File: notaglineLogo.png Graphic file (type png)
<use notaglineLogo.png>
Package pdftex.def Info: notaglineLogo.png  used on input line 615.
(pdftex.def)             Requested size: 91.32pt x 23.36186pt.

Overfull \hbox (505.12177pt too wide) has occurred while \output is active
[]
 []


Overfull \hbox (505.12177pt too wide) has occurred while \output is active
[]
 []


Underfull \hbox (badness 10000) has occurred while \output is active
[]
 []

[8 <./diagrams.pdf> <./diagrams.pdf> <./diagrams.pdf>]

LaTeX Warning: Reference `tab:impl' on page 9 undefined on input line 619.

LaTeX Font Info:    Trying to load font information for TS1+ptm on input line 6
65.
(/usr/share/texlive/texmf-dist/tex/latex/psnfss/ts1ptm.fd
File: ts1ptm.fd 2001/06/04 font definitions for TS1/ptm.
)
<../reports/gds.png, id=98, 1003.75pt x 1039.885pt>
File: ../reports/gds.png Graphic file (type png)
<use ../reports/gds.png>
Package pdftex.def Info: ../reports/gds.png  used on input line 673.
(pdftex.def)             Requested size: 218.40471pt x 226.26836pt.
File: ../reports/gds.png Graphic file (type png)
<use ../reports/gds.png>
Package pdftex.def Info: ../reports/gds.png  used on input line 673.
(pdftex.def)             Requested size: 218.40471pt x 226.26836pt.

Underfull \hbox (badness 1406) in paragraph at lines 679--680
[]\T1/ptm/n/n/10 Known lim-i-ta-tions: gate-level sim-u-la-tion and IR-drop
 []



LaTeX Font Info:    Calculating math sizes for size <7.61> on input line 685.


File: notaglineLogo.png Graphic file (type png)
<use notaglineLogo.png>
Package pdftex.def Info: notaglineLogo.png  used on input line 687.
(pdftex.def)             Requested size: 91.32pt x 23.36186pt.

Overfull \hbox (505.12177pt too wide) has occurred while \output is active
[]
 []


Overfull \hbox (505.12177pt too wide) has occurred while \output is active
[]
 []


Underfull \hbox (badness 10000) has occurred while \output is active
[]
 []

[9 <../reports/gds.png (PNG copy)>]
Underfull \hbox (badness 6910) in paragraph at lines 689--690
[]\T1/ptm/m/n/7.61 A. Vani, D. Sathya-Narayana, G. Anirudh, Y. Nikhil, ``De-sig
n-
 []


Underfull \hbox (badness 4660) in paragraph at lines 689--690
\T1/ptm/m/n/7.61 ing SO-BEL Edge De-tec-tion Us-ing VLSI on FPGA,'' IJRASET,
 []


Underfull \hbox (badness 1521) in paragraph at lines 689--690
\T1/ptm/m/n/7.61 2025. [On-line]. Avail-able: $https : / / www . ijraset . com 
/ research-[]paper /
 []

File: bullet.png Graphic file (type png)
<use bullet.png>
Package pdftex.def Info: bullet.png  used on input line 696.
(pdftex.def)             Requested size: 5.0pt x 4.99913pt.




File: notaglineLogo.png Graphic file (type png)
<use notaglineLogo.png>
Package pdftex.def Info: notaglineLogo.png  used on input line 698.
(pdftex.def)             Requested size: 91.32pt x 23.36186pt.

Overfull \hbox (505.12177pt too wide) has occurred while \output is active
[]
 []


Overfull \hbox (505.12177pt too wide) has occurred while \output is active
[]
 []


Underfull \hbox (badness 10000) has occurred while \output is active
[]
 []

[10

] (./final_report.aux)
 ***********
LaTeX2e <2024-11-01> patch level 2
L3 programming layer <2025-01-18>
 ***********


LaTeX Font Warning: Some font shapes were not available, defaults substituted.


LaTeX Warning: There were undefined references.


LaTeX Warning: Label(s) may have changed. Rerun to get cross-references right.

 ) 
Here is how much of TeX's memory you used:
 4856 strings out of 475178
 77814 string characters out of 5766539
 485902 words of memory out of 5000000
 27750 multiletter control sequences out of 15000+600000
 658680 words of font info for 178 fonts, out of 8000000 for 9000
 14 hyphenation exceptions out of 8191
 72i,13n,79p,1264b,516s stack positions out of 10000i,1000n,20000p,200000b,200000s
</usr/share/texlive/texmf-dist/fonts/type1/public/amsfonts/cm/cmex10.pfb></us
r/share/texlive/texmf-dist/fonts/type1/public/amsfonts/cm/cmmi10.pfb></usr/shar
e/texlive/texmf-dist/fonts/type1/public/amsfonts/cm/cmmi7.pfb></usr/share/texli
ve/texmf-dist/fonts/type1/public/amsfonts/cm/cmr10.pfb></usr/share/texlive/texm
f-dist/fonts/type1/public/amsfonts/cm/cmr7.pfb></usr/share/texlive/texmf-dist/f
onts/type1/public/amsfonts/cm/cmsy10.pfb></usr/share/texlive/texmf-dist/fonts/t
ype1/public/amsfonts/cm/cmsy7.pfb></usr/share/texlive/texmf-dist/fonts/type1/pu
blic/amsfonts/cm/cmsy8.pfb></usr/share/texlive/texmf-dist/fonts/type1/public/am
sfonts/cm/cmtt8.pfb></usr/share/texlive/texmf-dist/fonts/type1/public/amsfonts/
symbols/msbm10.pfb></usr/share/texlive/texmf-dist/fonts/type1/urw/courier/ucrr8
a.pfb></usr/share/texlive/texmf-dist/fonts/type1/urw/helvetic/uhvb8a.pfb></usr/
share/texlive/texmf-dist/fonts/type1/urw/helvetic/uhvbo8a.pfb></usr/share/texli
ve/texmf-dist/fonts/type1/urw/helvetic/uhvr8a.pfb></usr/share/texlive/texmf-dis
t/fonts/type1/urw/times/utmb8a.pfb></usr/share/texlive/texmf-dist/fonts/type1/u
rw/times/utmr8a.pfb></usr/share/texlive/texmf-dist/fonts/type1/urw/times/utmri8
a.pfb>
Output written on final_report.pdf (10 pages, 1167177 bytes).
PDF statistics:
 175 PDF objects out of 1000 (max. 8388607)
 94 compressed objects within 1 object stream
 0 named destinations out of 1000 (max. 500000)
 139 words of extra memory for PDF output out of 10000 (max. 10000000)

