gate-level sim uses the CHIP testbench only (nano_cgra_3x3_sobel_accelerator_v4_tb.v); unit benches excluded: baud_gen_tb.v, cgra_3x3_tb.v, line_buffer_tb.v, mmio_bus_tb.v, nano_controller_tb.v, params_tb.v, pe_tb.v, reset_sync_tb.v, sobel_core_tb.v, sram_32b_tb.v, uart_rx_tb.v, uart_tx_tb.v, window_3x3_tb.v
$ iverilog -g2012 -DFUNCTIONAL (netlist + cells + tb)
/opt/pdk/gf180mcuD/libs.ref/gf180mcu_fd_ip_sram/verilog/gf180mcu_fd_ip_sram__sram128x8m8wm1.v:132: warning: Choosing typ expression.
/opt/pdk/gf180mcuD/libs.ref/gf180mcu_fd_ip_sram/verilog/gf180mcu_fd_ip_sram__sram128x8m8wm1.v:133: warning: Choosing typ expression.
/opt/pdk/gf180mcuD/libs.ref/gf180mcu_fd_ip_sram/verilog/gf180mcu_fd_ip_sram__sram128x8m8wm1.v:134: warning: Choosing typ expression.
/opt/pdk/gf180mcuD/libs.ref/gf180mcu_fd_ip_sram/verilog/gf180mcu_fd_ip_sram__sram128x8m8wm1.v:136: warning: Choosing typ expression.
/opt/pdk/gf180mcuD/libs.ref/gf180mcu_fd_ip_sram/verilog/gf180mcu_fd_ip_sram__sram128x8m8wm1.v:137: warning: Choosing typ expression.
/opt/pdk/gf180mcuD/libs.ref/gf180mcu_fd_ip_sram/verilog/gf180mcu_fd_ip_sram__sram128x8m8wm1.v:138: warning: Choosing typ expression.
/opt/pdk/gf180mcuD/libs.ref/gf180mcu_fd_ip_sram/verilog/gf180mcu_fd_ip_sram__sram128x8m8wm1.v:139: warning: Choosing typ expression.
/opt/pdk/gf180mcuD/libs.ref/gf180mcu_fd_ip_sram/verilog/gf180mcu_fd_ip_sram__sram128x8m8wm1.v:140: warning: Choosing typ expression.
/opt/pdk/gf180mcuD/libs.ref/gf180mcu_fd_ip_sram/verilog/gf180mcu_fd_ip_sram__sram128x8m8wm1.v:142: warning: Choosing typ expression.
/opt/pdk/gf180mcuD/libs.ref/gf180mcu_fd_ip_sram/verilog/gf180mcu_fd_ip_sram__sram128x8m8wm1.v:143: warning: Choosing typ expression.
$ vvp gl_nano_cgra_3x3_sobel_accelerator_v4
VCD info: dumpfile design.vcd opened for output.
Starting Sobel accelerator test: sending 1024 pixels...
  Captured 100 results...
  Captured 200 results...
  Captured 300 results...
  Captured 400 results...
  Captured 500 results...
  Captured 600 results...
  Captured 700 results...
  Captured 800 results...
  Captured 900 results...
Chip output written to waves/chip_output.mem (900 values)
First 10 chip outputs: 44 38 3a 3c 3e 3c 3e 3c 3c 3a
First 10 golden outputs: 44 38 3a 3c 3e 3c 3e 3c 3c 3a
TEST PASSED — all 900 Sobel outputs match golden
/tmp/chip-orchestra/workspaces/dbe7af46-366c-421b-8cf3-daafc5a7ae6a/tb/nano_cgra_3x3_sobel_accelerator_v4_tb.v:179: $finish called at 44482955000 (1ps)
design.vcd is 2.93 GB (cap 256 MB) — waveform preview SKIPPED so the parse cannot exhaust memory. The simulation's own results (TEST PASSED/FAILED, waves/chip_output.mem, the golden comparison) are UNAFFECTED. To get a waveform back, make the testbench cheaper: (1) narrow the dump — `$dumpvars(1, tb)` or name the few signals of interest instead of `$dumpvars(0, tb)`, which dumps the entire hierarchy; (2) do not simulate real baud timing — override the divider for simulation (e.g. `defparam`/`localparam BAUD_DIV = 8`) so a byte costs ~80 cycles instead of ~4340; the framing logic is exercised identically; (3) bound the watchdog — `repeat (100000000)` is 100M cycles; size it to the real transfer (bytes x 10 x BAUD_DIV plus margin); (4) if a long run is genuinely needed, `$dumpoff`/`$dumpon` around the interesting window.
