$ iverilog -g2012 -o exports/sim.vvp -I rtl -s nano_cgra_3x3_sobel_accelerator_v4_tb baud_gen.v cgra_3x3.v line_buffer.v mmio_bus.v nano_cgra_3x3_sobel_accelerator_v4.v nano_controller.v params.v pe.v reset_sync.v sobel_core.v sram_32b.v uart_rx.v uart_tx.v window_3x3.v nano_cgra_3x3_sobel_accelerator_v4_tb.v
(compiled, no warnings)
$ vvp exports/sim.vvp
VCD info: dumpfile design.vcd opened for output.
Starting Sobel accelerator test: sending 1024 pixels...
  Captured 100 results...
  Captured 200 results...
  Captured 300 results...
  Captured 400 results...
  Captured 500 results...
  Captured 600 results...
  Captured 700 results...
  Captured 800 results...
  Captured 900 results...
Chip output written to waves/chip_output.mem (900 values)
First 10 chip outputs: 44 38 3a 3c 3e 3c 3e 3c 3c 3a
First 10 golden outputs: 44 38 3a 3c 3e 3c 3e 3c 3c 3a
TEST PASSED — all 900 Sobel outputs match golden
/tmp/chip-orchestra/workspaces/dbe7af46-366c-421b-8cf3-daafc5a7ae6a/tb/nano_cgra_3x3_sobel_accelerator_v4_tb.v:179: $finish called at 44482955000 (1ps)
rendered waves/waveform.png
rendered chip data waves/chip_output.png from chip_output.mem
rendered chip data waves/golden_output.png from golden_output.mem
✓ chip output MATCHES the golden model (900 values)
